\BOOKMARK [0][-]{chapter*.1}{\376\377\000D\000e\000d\000i\000c\000a\000t\000i\000o\000n}{}% 1
\BOOKMARK [0][-]{chapter*.2}{\376\377\000A\000c\000k\000n\000o\000w\000l\000e\000d\000g\000e\000m\000e\000n\000t\000s}{}% 2
\BOOKMARK [0][-]{chapter*.3}{\376\377\000A\000b\000s\000t\000r\000a\000c\000t}{}% 3
\BOOKMARK [0][-]{chapter*.4}{\376\377\000R\000\351\000s\000u\000m\000\351}{}% 4
\BOOKMARK [0][-]{chapter*.5}{\376\377\000A\000r\000a\000b\000i\000c\000\040\000s\000u\000m\000m\000a\000r\000y}{}% 5
\BOOKMARK [0][-]{chapter*.6}{\376\377\000L\000i\000s\000t\000\040\000o\000f\000\040\000A\000b\000b\000r\000e\000v\000i\000a\000t\000i\000o\000n\000s}{}% 6
\BOOKMARK [-1][-]{part.1}{\376\377\000I\000\040\000I\000n\000t\000r\000o\000d\000u\000c\000t\000i\000o\000n}{}% 7
\BOOKMARK [0][-]{section.0.1}{\376\377\000C\000o\000n\000t\000e\000x\000t\000\040\000a\000n\000d\000\040\000P\000r\000o\000b\000l\000e\000m\000\040\000S\000t\000a\000t\000e\000m\000e\000n\000t}{part.1}% 8
\BOOKMARK [0][-]{section.0.2}{\376\377\000O\000b\000j\000e\000c\000t\000i\000v\000e\000s}{part.1}% 9
\BOOKMARK [0][-]{section.0.3}{\376\377\000T\000h\000e\000s\000i\000s\000\040\000O\000u\000t\000l\000i\000n\000e}{part.1}% 10
\BOOKMARK [-1][-]{part.2}{\376\377\000I\000I\000\040\000B\000a\000c\000k\000g\000r\000o\000u\000n\000d}{}% 11
\BOOKMARK [0][-]{chapter.1}{\376\377\000P\000r\000e\000c\000i\000s\000i\000o\000n\000\040\000A\000g\000r\000i\000c\000u\000l\000t\000u\000r\000e\000\040\000a\000n\000d\000\040\000S\000m\000a\000r\000t\000\040\000I\000r\000r\000i\000g\000a\000t\000i\000o\000n}{part.2}% 12
\BOOKMARK [1][-]{section.1.1}{\376\377\000I\000n\000t\000r\000o\000d\000u\000c\000t\000i\000o\000n}{chapter.1}% 13
\BOOKMARK [1][-]{section.1.2}{\376\377\000D\000e\000f\000i\000n\000i\000t\000i\000o\000n\000\040\000o\000f\000\040\000p\000r\000e\000c\000i\000s\000i\000o\000n\000\040\000a\000g\000r\000i\000c\000u\000l\000t\000u\000r\000e}{chapter.1}% 14
\BOOKMARK [1][-]{section.1.3}{\376\377\000I\000r\000r\000i\000g\000a\000t\000i\000o\000n\000\040\000m\000a\000n\000a\000g\000e\000m\000e\000n\000t\000\040\000a\000n\000d\000\040\000w\000a\000t\000e\000r\000\040\000s\000c\000a\000r\000c\000i\000t\000y}{chapter.1}% 15
\BOOKMARK [1][-]{section.1.4}{\376\377\000D\000e\000f\000i\000n\000i\000t\000i\000o\000n\000\040\000o\000f\000\040\000s\000m\000a\000r\000t\000\040\000i\000r\000r\000i\000g\000a\000t\000i\000o\000n}{chapter.1}% 16
\BOOKMARK [1][-]{section.1.5}{\376\377\000M\000e\000a\000s\000u\000r\000e\000d\000\040\000v\000a\000r\000i\000a\000b\000l\000e\000s\000\040\000i\000n\000\040\000s\000m\000a\000r\000t\000\040\000i\000r\000r\000i\000g\000a\000t\000i\000o\000n}{chapter.1}% 17
\BOOKMARK [1][-]{section.1.6}{\376\377\000C\000o\000m\000m\000u\000n\000i\000c\000a\000t\000i\000o\000n\000\040\000t\000e\000c\000h\000n\000o\000l\000o\000g\000i\000e\000s\000\040\000i\000n\000\040\000s\000m\000a\000r\000t\000\040\000i\000r\000r\000i\000g\000a\000t\000i\000o\000n}{chapter.1}% 18
\BOOKMARK [1][-]{section.1.7}{\376\377\000A\000c\000t\000u\000a\000t\000o\000r\000s\000\040\000a\000n\000d\000\040\000i\000r\000r\000i\000g\000a\000t\000i\000o\000n\000\040\000c\000o\000n\000t\000r\000o\000l}{chapter.1}% 19
\BOOKMARK [1][-]{section.1.8}{\376\377\000C\000h\000a\000l\000l\000e\000n\000g\000e\000s\000\040\000o\000f\000\040\000s\000m\000a\000r\000t\000\040\000i\000r\000r\000i\000g\000a\000t\000i\000o\000n\000\040\000s\000y\000s\000t\000e\000m\000s}{chapter.1}% 20
\BOOKMARK [1][-]{section.1.9}{\376\377\000C\000o\000n\000c\000l\000u\000s\000i\000o\000n}{chapter.1}% 21
\BOOKMARK [0][-]{chapter.2}{\376\377\000D\000i\000g\000i\000t\000a\000l\000\040\000T\000w\000i\000n\000s\000,\000\040\000I\000o\000T\000,\000\040\000a\000n\000d\000\040\000A\000r\000t\000i\000f\000i\000c\000i\000a\000l\000\040\000I\000n\000t\000e\000l\000l\000i\000g\000e\000n\000c\000e}{part.2}% 22
\BOOKMARK [1][-]{section.2.1}{\376\377\000I\000n\000t\000r\000o\000d\000u\000c\000t\000i\000o\000n}{chapter.2}% 23
\BOOKMARK [1][-]{section.2.2}{\376\377\000D\000e\000f\000i\000n\000i\000t\000i\000o\000n\000\040\000o\000f\000\040\000D\000i\000g\000i\000t\000a\000l\000\040\000T\000w\000i\000n}{chapter.2}% 24
\BOOKMARK [1][-]{section.2.3}{\376\377\000D\000i\000g\000i\000t\000a\000l\000\040\000M\000o\000d\000e\000l\000,\000\040\000D\000i\000g\000i\000t\000a\000l\000\040\000S\000h\000a\000d\000o\000w\000,\000\040\000a\000n\000d\000\040\000D\000i\000g\000i\000t\000a\000l\000\040\000T\000w\000i\000n}{chapter.2}% 25
\BOOKMARK [1][-]{section.2.4}{\376\377\000D\000i\000g\000i\000t\000a\000l\000\040\000T\000w\000i\000n\000\040\000a\000r\000c\000h\000i\000t\000e\000c\000t\000u\000r\000e\000\040\000l\000a\000y\000e\000r\000s}{chapter.2}% 26
\BOOKMARK [1][-]{section.2.5}{\376\377\000I\000n\000t\000e\000r\000n\000e\000t\000\040\000o\000f\000\040\000T\000h\000i\000n\000g\000s\000\040\000a\000s\000\040\000t\000h\000e\000\040\000p\000h\000y\000s\000i\000c\000a\000l\000-\000t\000o\000-\000d\000i\000g\000i\000t\000a\000l\000\040\000b\000r\000i\000d\000g\000e}{chapter.2}% 27
\BOOKMARK [1][-]{section.2.6}{\376\377\000A\000r\000t\000i\000f\000i\000c\000i\000a\000l\000\040\000i\000n\000t\000e\000l\000l\000i\000g\000e\000n\000c\000e\000:\000\040\000g\000e\000n\000e\000r\000a\000l\000\040\000d\000e\000f\000i\000n\000i\000t\000i\000o\000n}{chapter.2}% 28
\BOOKMARK [1][-]{section.2.7}{\376\377\000M\000a\000c\000h\000i\000n\000e\000\040\000l\000e\000a\000r\000n\000i\000n\000g}{chapter.2}% 29
\BOOKMARK [1][-]{section.2.8}{\376\377\000D\000e\000e\000p\000\040\000l\000e\000a\000r\000n\000i\000n\000g}{chapter.2}% 30
\BOOKMARK [1][-]{section.2.9}{\376\377\000L\000a\000r\000g\000e\000\040\000l\000a\000n\000g\000u\000a\000g\000e\000\040\000m\000o\000d\000e\000l\000s}{chapter.2}% 31
\BOOKMARK [1][-]{section.2.10}{\376\377\000M\000u\000l\000t\000i\000-\000a\000g\000e\000n\000t\000\040\000s\000y\000s\000t\000e\000m\000s}{chapter.2}% 32
\BOOKMARK [1][-]{section.2.11}{\376\377\000H\000u\000m\000a\000n\000-\000i\000n\000-\000t\000h\000e\000-\000l\000o\000o\000p\000\040\000d\000e\000c\000i\000s\000i\000o\000n\000\040\000s\000u\000p\000p\000o\000r\000t}{chapter.2}% 33
\BOOKMARK [1][-]{section.2.12}{\376\377\000C\000h\000a\000l\000l\000e\000n\000g\000e\000s}{chapter.2}% 34
\BOOKMARK [1][-]{section.2.13}{\376\377\000C\000o\000n\000c\000l\000u\000s\000i\000o\000n}{chapter.2}% 35
\BOOKMARK [-1][-]{part.3}{\376\377\000I\000I\000I\000\040\000S\000t\000a\000t\000e\000\040\000o\000f\000\040\000t\000h\000e\000\040\000A\000r\000t}{}% 36
\BOOKMARK [0][-]{chapter.3}{\376\377\000D\000i\000g\000i\000t\000a\000l\000\040\000T\000w\000i\000n\000s\000\040\000i\000n\000\040\000I\000n\000d\000u\000s\000t\000r\000y}{part.3}% 37
\BOOKMARK [1][-]{section.3.1}{\376\377\000C\000y\000b\000e\000r\000-\000P\000h\000y\000s\000i\000c\000a\000l\000\040\000P\000r\000o\000d\000u\000c\000t\000i\000o\000n\000\040\000S\000y\000s\000t\000e\000m\000s}{chapter.3}% 38
\BOOKMARK [2][-]{subsection.3.1.1}{\376\377\000T\000h\000e\000\040\000D\000i\000g\000i\000t\000a\000l\000\040\000T\000w\000i\000n\000:\000\040\000R\000e\000a\000l\000i\000z\000i\000n\000g\000\040\000t\000h\000e\000\040\000C\000y\000b\000e\000r\000-\000P\000h\000y\000s\000i\000c\000a\000l\000\040\000P\000r\000o\000d\000u\000c\000t\000i\000o\000n\000\040\000S\000y\000s\000t\000e\000m\000\040\000f\000o\000r\000\040\000I\000n\000d\000u\000s\000t\000r\000y\000\040\0004\000.\0000}{section.3.1}% 39
\BOOKMARK [1][-]{section.3.2}{\376\377\000V\000i\000s\000u\000a\000l\000i\000z\000a\000t\000i\000o\000n\000\040\000a\000n\000d\000\040\000H\000u\000m\000a\000n\000\040\000I\000n\000t\000e\000r\000a\000c\000t\000i\000o\000n}{chapter.3}% 40
\BOOKMARK [2][-]{subsection.3.2.1}{\376\377\000V\000i\000s\000u\000a\000l\000i\000s\000i\000n\000g\000\040\000t\000h\000e\000\040\000D\000i\000g\000i\000t\000a\000l\000\040\000T\000w\000i\000n\000\040\000U\000s\000i\000n\000g\000\040\000W\000e\000b\000\040\000S\000e\000r\000v\000i\000c\000e\000s\000\040\000a\000n\000d\000\040\000A\000u\000g\000m\000e\000n\000t\000e\000d\000\040\000R\000e\000a\000l\000i\000t\000y}{section.3.2}% 41
\BOOKMARK [1][-]{section.3.3}{\376\377\000P\000r\000o\000d\000u\000c\000t\000i\000o\000n\000\040\000M\000a\000n\000a\000g\000e\000m\000e\000n\000t\000\040\000a\000n\000d\000\040\000C\000o\000n\000t\000r\000o\000l}{chapter.3}% 42
\BOOKMARK [2][-]{subsection.3.3.1}{\376\377\000D\000i\000g\000i\000t\000a\000l\000\040\000T\000w\000i\000n\000-\000B\000a\000s\000e\000d\000\040\000S\000m\000a\000r\000t\000\040\000P\000r\000o\000d\000u\000c\000t\000i\000o\000n\000\040\000M\000a\000n\000a\000g\000e\000m\000e\000n\000t\000\040\000a\000n\000d\000\040\000C\000o\000n\000t\000r\000o\000l\000\040\000F\000r\000a\000m\000e\000w\000o\000r\000k\000\040\000f\000o\000r\000\040\000t\000h\000e\000\040\000C\000o\000m\000p\000l\000e\000x\000\040\000P\000r\000o\000d\000u\000c\000t\000\040\000A\000s\000s\000e\000m\000b\000l\000y\000\040\000S\000h\000o\000p\000-\000F\000l\000o\000o\000r}{section.3.3}% 43
\BOOKMARK [1][-]{section.3.4}{\376\377\000O\000p\000e\000n\000-\000S\000o\000u\000r\000c\000e\000\040\000S\000m\000a\000r\000t\000\040\000M\000a\000n\000u\000f\000a\000c\000t\000u\000r\000i\000n\000g}{chapter.3}% 44
\BOOKMARK [2][-]{subsection.3.4.1}{\376\377\000A\000n\000\040\000O\000p\000e\000n\000\040\000S\000o\000u\000r\000c\000e\000\040\000A\000p\000p\000r\000o\000a\000c\000h\000\040\000t\000o\000\040\000t\000h\000e\000\040\000D\000e\000s\000i\000g\000n\000\040\000a\000n\000d\000\040\000I\000m\000p\000l\000e\000m\000e\000n\000t\000a\000t\000i\000o\000n\000\040\000o\000f\000\040\000D\000i\000g\000i\000t\000a\000l\000\040\000T\000w\000i\000n\000s\000\040\000f\000o\000r\000\040\000S\000m\000a\000r\000t\000\040\000M\000a\000n\000u\000f\000a\000c\000t\000u\000r\000i\000n\000g}{section.3.4}% 45
\BOOKMARK [1][-]{section.3.5}{\376\377\000D\000i\000s\000c\000u\000s\000s\000i\000o\000n}{chapter.3}% 46
\BOOKMARK [0][-]{chapter.4}{\376\377\000S\000m\000a\000r\000t\000\040\000A\000g\000r\000i\000c\000u\000l\000t\000u\000r\000e\000\040\000a\000n\000d\000\040\000I\000r\000r\000i\000g\000a\000t\000i\000o\000n}{part.3}% 47
\BOOKMARK [1][-]{section.4.1}{\376\377\000W\000i\000r\000e\000l\000e\000s\000s\000\040\000S\000e\000n\000s\000o\000r\000\040\000N\000e\000t\000w\000o\000r\000k\000\040\000I\000r\000r\000i\000g\000a\000t\000i\000o\000n}{chapter.4}% 48
\BOOKMARK [2][-]{subsection.4.1.1}{\376\377\000R\000e\000m\000o\000t\000e\000\040\000S\000e\000n\000s\000i\000n\000g\000\040\000a\000n\000d\000\040\000C\000o\000n\000t\000r\000o\000l\000\040\000o\000f\000\040\000a\000n\000\040\000I\000r\000r\000i\000g\000a\000t\000i\000o\000n\000\040\000S\000y\000s\000t\000e\000m\000\040\000U\000s\000i\000n\000g\000\040\000a\000\040\000D\000i\000s\000t\000r\000i\000b\000u\000t\000e\000d\000\040\000W\000i\000r\000e\000l\000e\000s\000s\000\040\000S\000e\000n\000s\000o\000r\000\040\000N\000e\000t\000w\000o\000r\000k}{section.4.1}% 49
\BOOKMARK [2][-]{subsection.4.1.2}{\376\377\000A\000u\000t\000o\000m\000a\000t\000e\000d\000\040\000I\000r\000r\000i\000g\000a\000t\000i\000o\000n\000\040\000S\000y\000s\000t\000e\000m\000\040\000U\000s\000i\000n\000g\000\040\000a\000\040\000W\000i\000r\000e\000l\000e\000s\000s\000\040\000S\000e\000n\000s\000o\000r\000\040\000N\000e\000t\000w\000o\000r\000k\000\040\000a\000n\000d\000\040\000G\000P\000R\000S\000\040\000M\000o\000d\000u\000l\000e}{section.4.1}% 50
\BOOKMARK [1][-]{section.4.2}{\376\377\000L\000o\000w\000-\000C\000o\000s\000t\000\040\000I\000o\000T\000\040\000I\000r\000r\000i\000g\000a\000t\000i\000o\000n}{chapter.4}% 51
\BOOKMARK [2][-]{subsection.4.2.1}{\376\377\000A\000\040\000L\000o\000w\000\040\000C\000o\000s\000t\000\040\000S\000m\000a\000r\000t\000\040\000I\000r\000r\000i\000g\000a\000t\000i\000o\000n\000\040\000S\000y\000s\000t\000e\000m\000\040\000U\000s\000i\000n\000g\000\040\000M\000Q\000T\000T\000\040\000P\000r\000o\000t\000o\000c\000o\000l}{section.4.2}% 52
\BOOKMARK [1][-]{section.4.3}{\376\377\000M\000a\000c\000h\000i\000n\000e\000\040\000L\000e\000a\000r\000n\000i\000n\000g\000\040\000f\000o\000r\000\040\000I\000r\000r\000i\000g\000a\000t\000i\000o\000n\000\040\000D\000e\000c\000i\000s\000i\000o\000n\000\040\000S\000u\000p\000p\000o\000r\000t}{chapter.4}% 53
\BOOKMARK [2][-]{subsection.4.3.1}{\376\377\000A\000n\000\040\000I\000o\000T\000\040\000B\000a\000s\000e\000d\000\040\000S\000m\000a\000r\000t\000\040\000I\000r\000r\000i\000g\000a\000t\000i\000o\000n\000\040\000M\000a\000n\000a\000g\000e\000m\000e\000n\000t\000\040\000S\000y\000s\000t\000e\000m\000\040\000U\000s\000i\000n\000g\000\040\000M\000a\000c\000h\000i\000n\000e\000\040\000L\000e\000a\000r\000n\000i\000n\000g\000\040\000a\000n\000d\000\040\000O\000p\000e\000n\000\040\000S\000o\000u\000r\000c\000e\000\040\000T\000e\000c\000h\000n\000o\000l\000o\000g\000i\000e\000s}{section.4.3}% 54
\BOOKMARK [1][-]{section.4.4}{\376\377\000D\000i\000s\000c\000u\000s\000s\000i\000o\000n}{chapter.4}% 55
\BOOKMARK [0][-]{chapter.5}{\376\377\000D\000i\000g\000i\000t\000a\000l\000\040\000T\000w\000i\000n\000s\000\040\000i\000n\000\040\000A\000g\000r\000i\000c\000u\000l\000t\000u\000r\000e\000\040\000a\000n\000d\000\040\000I\000r\000r\000i\000g\000a\000t\000i\000o\000n}{part.3}% 56
\BOOKMARK [1][-]{section.5.1}{\376\377\000D\000i\000g\000i\000t\000a\000l\000\040\000T\000w\000i\000n\000s\000\040\000f\000o\000r\000\040\000I\000r\000r\000i\000g\000a\000t\000i\000o\000n\000\040\000S\000c\000h\000e\000d\000u\000l\000i\000n\000g}{chapter.5}% 57
\BOOKMARK [2][-]{subsection.5.1.1}{\376\377\000I\000o\000T\000-\000D\000i\000g\000i\000t\000a\000l\000\040\000T\000w\000i\000n\000-\000I\000n\000s\000p\000i\000r\000e\000d\000\040\000S\000m\000a\000r\000t\000\040\000I\000r\000r\000i\000g\000a\000t\000i\000o\000n\000\040\000A\000p\000p\000r\000o\000a\000c\000h\000\040\000f\000o\000r\000\040\000O\000p\000t\000i\000m\000a\000l\000\040\000W\000a\000t\000e\000r\000\040\000U\000t\000i\000l\000i\000z\000a\000t\000i\000o\000n}{section.5.1}% 58
\BOOKMARK [2][-]{subsection.5.1.2}{\376\377\000A\000s\000s\000i\000m\000i\000l\000a\000t\000i\000o\000n\000\040\000o\000f\000\040\000S\000e\000n\000t\000i\000n\000e\000l\000-\0002\000\040\000B\000i\000o\000p\000h\000y\000s\000i\000c\000a\000l\000\040\000V\000a\000r\000i\000a\000b\000l\000e\000s\000\040\000i\000n\000t\000o\000\040\000a\000\040\000D\000i\000g\000i\000t\000a\000l\000\040\000T\000w\000i\000n\000\040\000f\000o\000r\000\040\000t\000h\000e\000\040\000A\000u\000t\000o\000m\000a\000t\000e\000d\000\040\000I\000r\000r\000i\000g\000a\000t\000i\000o\000n\000\040\000S\000c\000h\000e\000d\000u\000l\000i\000n\000g\000\040\000o\000f\000\040\000a\000\040\000V\000i\000n\000e\000y\000a\000r\000d}{section.5.1}% 59
\BOOKMARK [2][-]{subsection.5.1.3}{\376\377\000U\000s\000e\000\040\000o\000f\000\040\000a\000\040\000D\000i\000g\000i\000t\000a\000l\000\040\000T\000w\000i\000n\000\040\000f\000o\000r\000\040\000W\000a\000t\000e\000r\000\040\000E\000f\000f\000i\000c\000i\000e\000n\000t\000\040\000M\000a\000n\000a\000g\000e\000m\000e\000n\000t\000\040\000i\000n\000\040\000a\000\040\000P\000r\000o\000c\000e\000s\000s\000i\000n\000g\000\040\000T\000o\000m\000a\000t\000o\000\040\000C\000o\000m\000m\000e\000r\000c\000i\000a\000l\000\040\000F\000a\000r\000m}{section.5.1}% 60
\BOOKMARK [1][-]{section.5.2}{\376\377\000D\000i\000g\000i\000t\000a\000l\000\040\000T\000w\000i\000n\000s\000\040\000w\000i\000t\000h\000\040\000M\000a\000c\000h\000i\000n\000e\000\040\000L\000e\000a\000r\000n\000i\000n\000g\000\040\000a\000n\000d\000\040\000C\000o\000n\000t\000r\000o\000l}{chapter.5}% 61
\BOOKMARK [2][-]{subsection.5.2.1}{\376\377\000D\000i\000g\000i\000t\000a\000l\000\040\000T\000w\000i\000n\000\040\000E\000n\000h\000a\000n\000c\000e\000d\000\040\000w\000i\000t\000h\000\040\000M\000a\000c\000h\000i\000n\000e\000\040\000L\000e\000a\000r\000n\000i\000n\000g\000\040\000A\000l\000g\000o\000r\000i\000t\000h\000m\000s\000\040\000f\000o\000r\000\040\000I\000r\000r\000i\000g\000a\000t\000i\000o\000n\000\040\000M\000a\000n\000a\000g\000e\000m\000e\000n\000t\000\040\000U\000s\000i\000n\000g\000\040\000S\000e\000n\000s\000o\000r\000\040\000D\000a\000t\000a}{section.5.2}% 62
\BOOKMARK [2][-]{subsection.5.2.2}{\376\377\000D\000i\000g\000i\000t\000a\000l\000\040\000T\000w\000i\000n\000-\000E\000n\000a\000b\000l\000e\000d\000\040\000I\000n\000t\000e\000l\000l\000i\000g\000e\000n\000t\000\040\000I\000r\000r\000i\000g\000a\000t\000i\000o\000n\000-\000D\000r\000a\000i\000n\000a\000g\000e\000\040\000S\000y\000s\000t\000e\000m\000\040\000f\000o\000r\000\040\000P\000r\000e\000c\000i\000s\000i\000o\000n\000\040\000W\000a\000t\000e\000r\000-\000S\000a\000l\000t\000\040\000M\000a\000n\000a\000g\000e\000m\000e\000n\000t\000\040\000i\000n\000\040\000S\000a\000l\000i\000n\000e\000\040\000A\000g\000r\000o\000e\000c\000o\000s\000y\000s\000t\000e\000m\000s}{section.5.2}% 63
\BOOKMARK [1][-]{section.5.3}{\376\377\000D\000i\000g\000i\000t\000a\000l\000\040\000T\000w\000i\000n\000s\000\040\000f\000o\000r\000\040\000C\000o\000l\000l\000e\000c\000t\000i\000v\000e\000\040\000I\000r\000r\000i\000g\000a\000t\000i\000o\000n\000\040\000M\000a\000n\000a\000g\000e\000m\000e\000n\000t}{chapter.5}% 64
\BOOKMARK [2][-]{subsection.5.3.1}{\376\377\000T\000o\000w\000a\000r\000d\000s\000\040\000C\000o\000l\000l\000e\000c\000t\000i\000v\000e\000\040\000I\000n\000t\000e\000l\000l\000i\000g\000e\000n\000c\000e\000\040\000i\000n\000\040\000A\000g\000r\000i\000c\000u\000l\000t\000u\000r\000e\000:\000\040\000D\000e\000e\000p\000\040\000R\000e\000i\000n\000f\000o\000r\000c\000e\000m\000e\000n\000t\000\040\000L\000e\000a\000r\000n\000i\000n\000g\000\040\000a\000n\000d\000\040\000D\000i\000g\000i\000t\000a\000l\000\040\000T\000w\000i\000n\000s\000\040\000f\000o\000r\000\040\000E\000f\000f\000i\000c\000i\000e\000n\000t\000\040\000M\000a\000n\000a\000g\000e\000m\000e\000n\000t\000\040\000o\000f\000\040\000C\000o\000l\000l\000e\000c\000t\000i\000v\000e\000\040\000I\000r\000r\000i\000g\000a\000t\000i\000o\000n\000\040\000W\000a\000t\000e\000r\000\040\000D\000i\000s\000t\000r\000i\000b\000u\000t\000i\000o\000n\000\040\000S\000y\000s\000t\000e\000m\000s}{section.5.3}% 65
\BOOKMARK [1][-]{section.5.4}{\376\377\000D\000i\000s\000c\000u\000s\000s\000i\000o\000n}{chapter.5}% 66
\BOOKMARK [1][-]{section.5.5}{\376\377\000S\000t\000a\000t\000e\000-\000o\000f\000-\000t\000h\000e\000-\000A\000r\000t\000\040\000S\000y\000n\000t\000h\000e\000s\000i\000s\000\040\000a\000n\000d\000\040\000R\000e\000s\000e\000a\000r\000c\000h\000\040\000G\000a\000p}{chapter.5}% 67
\BOOKMARK [0][-]{chapter*.80}{\376\377\000G\000e\000n\000e\000r\000a\000l\000\040\000C\000o\000n\000c\000l\000u\000s\000i\000o\000n}{part.3}% 68
