\BOOKMARK [0][-]{chapter*.1}{\376\377\000D\000e\000d\000i\000c\000a\000t\000i\000o\000n}{}% 1
\BOOKMARK [0][-]{chapter*.2}{\376\377\000A\000c\000k\000n\000o\000w\000l\000e\000d\000g\000e\000m\000e\000n\000t\000s}{}% 2
\BOOKMARK [0][-]{chapter*.3}{\376\377\000A\000b\000s\000t\000r\000a\000c\000t}{}% 3
\BOOKMARK [0][-]{chapter*.4}{\376\377\000R\000\351\000s\000u\000m\000\351}{}% 4
\BOOKMARK [0][-]{chapter*.5}{\376\377\000A\000r\000a\000b\000i\000c\000\040\000s\000u\000m\000m\000a\000r\000y}{}% 5
\BOOKMARK [0][-]{chapter*.6}{\376\377\000L\000i\000s\000t\000\040\000o\000f\000\040\000A\000b\000b\000r\000e\000v\000i\000a\000t\000i\000o\000n\000s}{}% 6
\BOOKMARK [0][-]{chapter*.7}{\376\377\000G\000e\000n\000e\000r\000a\000l\000\040\000I\000n\000t\000r\000o\000d\000u\000c\000t\000i\000o\000n}{}% 7
\BOOKMARK [-1][-]{part.1}{\376\377\000I\000\040\000T\000h\000e\000o\000r\000e\000t\000i\000c\000a\000l\000\040\000B\000a\000c\000k\000g\000r\000o\000u\000n\000d}{}% 8
\BOOKMARK [0][-]{chapter.1}{\376\377\000T\000h\000e\000o\000r\000e\000t\000i\000c\000a\000l\000\040\000B\000a\000c\000k\000g\000r\000o\000u\000n\000d}{part.1}% 9
\BOOKMARK [1][-]{section.1.1}{\376\377\000P\000r\000e\000c\000i\000s\000i\000o\000n\000\040\000a\000g\000r\000i\000c\000u\000l\000t\000u\000r\000e\000,\000\040\000w\000a\000t\000e\000r\000\040\000s\000c\000a\000r\000c\000i\000t\000y\000,\000\040\000a\000n\000d\000\040\000s\000m\000a\000r\000t\000\040\000i\000r\000r\000i\000g\000a\000t\000i\000o\000n}{chapter.1}% 10
\BOOKMARK [1][-]{section.1.2}{\376\377\000M\000e\000a\000s\000u\000r\000e\000d\000\040\000v\000a\000r\000i\000a\000b\000l\000e\000s\000\040\000a\000n\000d\000\040\000i\000r\000r\000i\000g\000a\000t\000i\000o\000n\000-\000c\000o\000n\000t\000r\000o\000l\000\040\000c\000o\000m\000p\000o\000n\000e\000n\000t\000s}{chapter.1}% 11
\BOOKMARK [1][-]{section.1.3}{\376\377\000I\000o\000T\000\040\000c\000o\000m\000m\000u\000n\000i\000c\000a\000t\000i\000o\000n\000\040\000a\000n\000d\000\040\000p\000h\000y\000s\000i\000c\000a\000l\000-\000t\000o\000-\000d\000i\000g\000i\000t\000a\000l\000\040\000c\000o\000n\000n\000e\000c\000t\000i\000o\000n}{chapter.1}% 12
\BOOKMARK [1][-]{section.1.4}{\376\377\000D\000i\000g\000i\000t\000a\000l\000\040\000T\000w\000i\000n\000,\000\040\000m\000a\000c\000h\000i\000n\000e\000\040\000l\000e\000a\000r\000n\000i\000n\000g\000,\000\040\000a\000n\000d\000\040\000h\000u\000m\000a\000n\000-\000i\000n\000-\000t\000h\000e\000-\000l\000o\000o\000p\000\040\000d\000e\000c\000i\000s\000i\000o\000n\000\040\000s\000u\000p\000p\000o\000r\000t}{chapter.1}% 13
\BOOKMARK [1][-]{section.1.5}{\376\377\000S\000u\000m\000m\000a\000r\000y}{chapter.1}% 14
\BOOKMARK [0][-]{chapter.2}{\376\377\000R\000e\000l\000a\000t\000e\000d\000\040\000W\000o\000r\000k\000\040\000a\000n\000d\000\040\000S\000t\000a\000t\000e\000\040\000o\000f\000\040\000t\000h\000e\000\040\000A\000r\000t}{part.1}% 15
\BOOKMARK [1][-]{section.2.1}{\376\377\000S\000e\000l\000e\000c\000t\000i\000o\000n\000\040\000r\000u\000l\000e\000\040\000a\000n\000d\000\040\000e\000x\000c\000l\000u\000s\000i\000o\000n\000\040\000o\000f\000\040\000r\000e\000v\000i\000e\000w\000\040\000p\000a\000p\000e\000r\000s}{chapter.2}% 16
\BOOKMARK [1][-]{section.2.2}{\376\377\000I\000o\000T\000-\000b\000a\000s\000e\000d\000\040\000s\000m\000a\000r\000t\000\040\000i\000r\000r\000i\000g\000a\000t\000i\000o\000n\000\040\000a\000n\000d\000\040\000m\000o\000n\000i\000t\000o\000r\000i\000n\000g\000\040\000s\000y\000s\000t\000e\000m\000s}{chapter.2}% 17
\BOOKMARK [1][-]{section.2.3}{\376\377\000M\000a\000c\000h\000i\000n\000e\000-\000l\000e\000a\000r\000n\000i\000n\000g\000-\000b\000a\000s\000e\000d\000\040\000i\000r\000r\000i\000g\000a\000t\000i\000o\000n\000\040\000d\000e\000c\000i\000s\000i\000o\000n\000\040\000s\000u\000p\000p\000o\000r\000t}{chapter.2}% 18
\BOOKMARK [1][-]{section.2.4}{\376\377\000D\000i\000g\000i\000t\000a\000l\000\040\000T\000w\000i\000n\000\040\000i\000r\000r\000i\000g\000a\000t\000i\000o\000n\000\040\000s\000c\000h\000e\000d\000u\000l\000i\000n\000g\000\040\000s\000y\000s\000t\000e\000m\000s}{chapter.2}% 19
\BOOKMARK [1][-]{section.2.5}{\376\377\000R\000e\000i\000n\000f\000o\000r\000c\000e\000m\000e\000n\000t\000\040\000l\000e\000a\000r\000n\000i\000n\000g\000,\000\040\000i\000n\000t\000e\000r\000o\000p\000e\000r\000a\000b\000i\000l\000i\000t\000y\000,\000\040\000a\000n\000d\000\040\000c\000r\000o\000p\000\040\000w\000a\000t\000e\000r\000-\000s\000t\000r\000e\000s\000s\000\040\000D\000i\000g\000i\000t\000a\000l\000\040\000T\000w\000i\000n\000s}{chapter.2}% 20
\BOOKMARK [1][-]{section.2.6}{\376\377\000C\000o\000m\000p\000a\000r\000a\000t\000i\000v\000e\000\040\000s\000y\000n\000t\000h\000e\000s\000i\000s}{chapter.2}% 21
\BOOKMARK [1][-]{section.2.7}{\376\377\000S\000u\000m\000m\000a\000r\000y}{chapter.2}% 22
\BOOKMARK [-1][-]{part.2}{\376\377\000I\000I\000\040\000S\000c\000i\000e\000n\000t\000i\000f\000i\000c\000\040\000P\000o\000s\000i\000t\000i\000o\000n\000i\000n\000g}{}% 23
\BOOKMARK [0][-]{chapter.3}{\376\377\000S\000c\000i\000e\000n\000t\000i\000f\000i\000c\000\040\000P\000o\000s\000i\000t\000i\000o\000n\000i\000n\000g\000\040\000a\000n\000d\000\040\000C\000o\000m\000p\000a\000r\000a\000t\000i\000v\000e\000\040\000A\000n\000a\000l\000y\000s\000i\000s}{part.2}% 24
\BOOKMARK [1][-]{section.3.1}{\376\377\000S\000y\000n\000t\000h\000e\000s\000i\000s\000\040\000o\000f\000\040\000s\000e\000l\000e\000c\000t\000e\000d\000\040\000o\000r\000i\000g\000i\000n\000a\000l\000\040\000r\000e\000s\000e\000a\000r\000c\000h}{chapter.3}% 25
\BOOKMARK [1][-]{section.3.2}{\376\377\000I\000d\000e\000n\000t\000i\000f\000i\000e\000d\000\040\000r\000e\000s\000e\000a\000r\000c\000h\000\040\000a\000n\000d\000\040\000i\000n\000t\000e\000g\000r\000a\000t\000i\000o\000n\000\040\000g\000a\000p\000s}{chapter.3}% 26
\BOOKMARK [1][-]{section.3.3}{\376\377\000P\000o\000s\000i\000t\000i\000o\000n\000i\000n\000g\000\040\000c\000r\000i\000t\000e\000r\000i\000a}{chapter.3}% 27
\BOOKMARK [1][-]{section.3.4}{\376\377\000F\000u\000n\000c\000t\000i\000o\000n\000a\000l\000\040\000c\000o\000m\000p\000a\000r\000i\000s\000o\000n\000\040\000o\000f\000\040\000s\000e\000l\000e\000c\000t\000e\000d\000\040\000o\000r\000i\000g\000i\000n\000a\000l\000\040\000w\000o\000r\000k\000s}{chapter.3}% 28
\BOOKMARK [1][-]{section.3.5}{\376\377\000P\000o\000s\000i\000t\000i\000o\000n\000i\000n\000g\000\040\000o\000f\000\040\000t\000h\000e\000\040\000t\000h\000e\000s\000i\000s\000\040\000c\000o\000n\000t\000r\000i\000b\000u\000t\000i\000o\000n}{chapter.3}% 29
\BOOKMARK [1][-]{section.3.6}{\376\377\000E\000x\000p\000l\000i\000c\000i\000t\000\040\000l\000i\000m\000i\000t\000a\000t\000i\000o\000n\000s}{chapter.3}% 30
\BOOKMARK [1][-]{section.3.7}{\376\377\000S\000u\000m\000m\000a\000r\000y}{chapter.3}% 31
\BOOKMARK [-1][-]{part.3}{\376\377\000I\000I\000I\000\040\000C\000o\000n\000t\000r\000i\000b\000u\000t\000i\000o\000n\000:\000\040\000C\000o\000n\000c\000e\000p\000t\000i\000o\000n\000\040\000a\000n\000d\000\040\000D\000e\000s\000i\000g\000n}{}% 32
\BOOKMARK [0][-]{chapter.4}{\376\377\000R\000e\000q\000u\000i\000r\000e\000m\000e\000n\000t\000s\000\040\000S\000p\000e\000c\000i\000f\000i\000c\000a\000t\000i\000o\000n\000\040\000a\000n\000d\000\040\000D\000e\000s\000i\000g\000n}{part.3}% 33
\BOOKMARK [1][-]{section.4.1}{\376\377\000I\000n\000t\000r\000o\000d\000u\000c\000t\000i\000o\000n}{chapter.4}% 34
\BOOKMARK [1][-]{section.4.2}{\376\377\000S\000y\000s\000t\000e\000m\000\040\000o\000b\000j\000e\000c\000t\000i\000v\000e\000s}{chapter.4}% 35
\BOOKMARK [1][-]{section.4.3}{\376\377\000A\000c\000t\000o\000r\000s}{chapter.4}% 36
\BOOKMARK [1][-]{section.4.4}{\376\377\000F\000u\000n\000c\000t\000i\000o\000n\000a\000l\000\040\000r\000e\000q\000u\000i\000r\000e\000m\000e\000n\000t\000s}{chapter.4}% 37
\BOOKMARK [1][-]{section.4.5}{\376\377\000N\000o\000n\000-\000f\000u\000n\000c\000t\000i\000o\000n\000a\000l\000\040\000r\000e\000q\000u\000i\000r\000e\000m\000e\000n\000t\000s}{chapter.4}% 38
\BOOKMARK [1][-]{section.4.6}{\376\377\000C\000o\000n\000s\000t\000r\000a\000i\000n\000t\000s}{chapter.4}% 39
\BOOKMARK [1][-]{section.4.7}{\376\377\000U\000s\000e\000-\000c\000a\000s\000e\000\040\000m\000o\000d\000e\000l}{chapter.4}% 40
\BOOKMARK [1][-]{section.4.8}{\376\377\000A\000c\000t\000i\000v\000i\000t\000y\000\040\000w\000o\000r\000k\000f\000l\000o\000w}{chapter.4}% 41
\BOOKMARK [1][-]{section.4.9}{\376\377\000D\000o\000m\000a\000i\000n\000\040\000c\000l\000a\000s\000s\000\040\000d\000i\000a\000g\000r\000a\000m\000s}{chapter.4}% 42
\BOOKMARK [1][-]{section.4.10}{\376\377\000C\000o\000n\000c\000l\000u\000s\000i\000o\000n}{chapter.4}% 43
\BOOKMARK [0][-]{chapter.5}{\376\377\000G\000l\000o\000b\000a\000l\000\040\000A\000r\000c\000h\000i\000t\000e\000c\000t\000u\000r\000e\000\040\000o\000f\000\040\000t\000h\000e\000\040\000P\000r\000o\000p\000o\000s\000e\000d\000\040\000D\000i\000g\000i\000t\000a\000l\000\040\000T\000w\000i\000n}{part.3}% 44
\BOOKMARK [1][-]{section.5.1}{\376\377\000I\000n\000t\000r\000o\000d\000u\000c\000t\000i\000o\000n}{chapter.5}% 45
\BOOKMARK [1][-]{section.5.2}{\376\377\000A\000r\000c\000h\000i\000t\000e\000c\000t\000u\000r\000a\000l\000\040\000o\000v\000e\000r\000v\000i\000e\000w}{chapter.5}% 46
\BOOKMARK [1][-]{section.5.3}{\376\377\000P\000h\000y\000s\000i\000c\000a\000l\000\040\000p\000r\000o\000t\000o\000t\000y\000p\000e\000\040\000a\000n\000d\000\040\000f\000i\000e\000l\000d\000\040\000l\000a\000y\000e\000r}{chapter.5}% 47
\BOOKMARK [1][-]{section.5.4}{\376\377\000M\000Q\000T\000T\000\040\000c\000o\000m\000m\000u\000n\000i\000c\000a\000t\000i\000o\000n\000\040\000l\000a\000y\000e\000r}{chapter.5}% 48
\BOOKMARK [1][-]{section.5.5}{\376\377\000B\000a\000c\000k\000e\000n\000d\000,\000\040\000d\000a\000t\000a\000,\000\040\000D\000i\000g\000i\000t\000a\000l\000\040\000T\000w\000i\000n\000,\000\040\000a\000n\000d\000\040\000i\000n\000t\000e\000l\000l\000i\000g\000e\000n\000c\000e\000\040\000l\000a\000y\000e\000r\000s}{chapter.5}% 49
\BOOKMARK [2][-]{subsection.5.5.1}{\376\377\000M\000A\000S\000\040\000d\000e\000c\000i\000s\000i\000o\000n\000-\000s\000u\000p\000p\000o\000r\000t\000\040\000s\000e\000r\000v\000i\000c\000e}{section.5.5}% 50
\BOOKMARK [1][-]{section.5.6}{\376\377\000D\000e\000p\000l\000o\000y\000m\000e\000n\000t\000\040\000a\000r\000c\000h\000i\000t\000e\000c\000t\000u\000r\000e}{chapter.5}% 51
\BOOKMARK [1][-]{section.5.7}{\376\377\000D\000i\000s\000c\000u\000s\000s\000i\000o\000n}{chapter.5}% 52
\BOOKMARK [1][-]{section.5.8}{\376\377\000C\000o\000n\000c\000l\000u\000s\000i\000o\000n}{chapter.5}% 53
\BOOKMARK [-1][-]{part.4}{\376\377\000I\000V\000\040\000I\000m\000p\000l\000e\000m\000e\000n\000t\000a\000t\000i\000o\000n}{}% 54
\BOOKMARK [0][-]{chapter.6}{\376\377\000B\000a\000c\000k\000e\000n\000d\000,\000\040\000D\000a\000t\000a\000b\000a\000s\000e\000,\000\040\000a\000n\000d\000\040\000I\000o\000T\000\040\000D\000a\000t\000a\000\040\000I\000n\000g\000e\000s\000t\000i\000o\000n}{part.4}% 55
\BOOKMARK [1][-]{section.6.1}{\376\377\000I\000n\000t\000r\000o\000d\000u\000c\000t\000i\000o\000n}{chapter.6}% 56
\BOOKMARK [1][-]{section.6.2}{\376\377\000F\000a\000s\000t\000A\000P\000I\000\040\000b\000a\000c\000k\000e\000n\000d\000\040\000o\000r\000g\000a\000n\000i\000z\000a\000t\000i\000o\000n}{chapter.6}% 57
\BOOKMARK [1][-]{section.6.3}{\376\377\000A\000P\000I\000\040\000m\000o\000d\000u\000l\000e\000s}{chapter.6}% 58
\BOOKMARK [1][-]{section.6.4}{\376\377\000M\000Q\000T\000T\000\040\000p\000a\000y\000l\000o\000a\000d\000\040\000s\000t\000r\000u\000c\000t\000u\000r\000e}{chapter.6}% 59
\BOOKMARK [1][-]{section.6.5}{\376\377\000P\000a\000r\000s\000e\000r\000\040\000a\000n\000d\000\040\000n\000o\000r\000m\000a\000l\000i\000z\000a\000t\000i\000o\000n}{chapter.6}% 60
\BOOKMARK [1][-]{section.6.6}{\376\377\000D\000e\000v\000i\000c\000e\000\040\000m\000a\000p\000p\000i\000n\000g\000\040\000a\000n\000d\000\040\000p\000e\000r\000s\000i\000s\000t\000e\000n\000c\000e}{chapter.6}% 61
\BOOKMARK [1][-]{section.6.7}{\376\377\000R\000e\000a\000l\000-\000t\000i\000m\000e\000\040\000p\000i\000p\000e\000l\000i\000n\000e}{chapter.6}% 62
\BOOKMARK [1][-]{section.6.8}{\376\377\000P\000o\000s\000t\000g\000r\000e\000S\000Q\000L\000\040\000s\000c\000h\000e\000m\000a}{chapter.6}% 63
\BOOKMARK [1][-]{section.6.9}{\376\377\000R\000u\000n\000t\000i\000m\000e\000\040\000s\000e\000q\000u\000e\000n\000c\000e\000\040\000r\000e\000f\000e\000r\000e\000n\000c\000e}{chapter.6}% 64
\BOOKMARK [1][-]{section.6.10}{\376\377\000E\000r\000r\000o\000r\000\040\000h\000a\000n\000d\000l\000i\000n\000g\000\040\000a\000n\000d\000\040\000f\000a\000l\000l\000b\000a\000c\000k}{chapter.6}% 65
\BOOKMARK [1][-]{section.6.11}{\376\377\000C\000o\000n\000c\000l\000u\000s\000i\000o\000n}{chapter.6}% 66
\BOOKMARK [0][-]{chapter.7}{\376\377\000D\000i\000g\000i\000t\000a\000l\000\040\000T\000w\000i\000n\000\040\000a\000n\000d\000\040\000M\000a\000c\000h\000i\000n\000e\000\040\000L\000e\000a\000r\000n\000i\000n\000g\000\040\000L\000a\000y\000e\000r}{part.4}% 67
\BOOKMARK [1][-]{section.7.1}{\376\377\000I\000n\000t\000r\000o\000d\000u\000c\000t\000i\000o\000n}{chapter.7}% 68
\BOOKMARK [1][-]{section.7.2}{\376\377\000V\000i\000r\000t\000u\000a\000l\000\040\000z\000o\000n\000e\000\040\000s\000t\000a\000t\000e}{chapter.7}% 69
\BOOKMARK [1][-]{section.7.3}{\376\377\000D\000a\000t\000a\000s\000e\000t\000\040\000a\000d\000a\000p\000t\000a\000t\000i\000o\000n\000\040\000a\000n\000d\000\040\000f\000e\000a\000t\000u\000r\000e\000\040\000e\000n\000g\000i\000n\000e\000e\000r\000i\000n\000g}{chapter.7}% 70
\BOOKMARK [1][-]{section.7.4}{\376\377\000R\000a\000n\000d\000o\000m\000\040\000F\000o\000r\000e\000s\000t\000\040\000m\000o\000d\000e\000l\000\040\000t\000r\000a\000i\000n\000i\000n\000g}{chapter.7}% 71
\BOOKMARK [1][-]{section.7.5}{\376\377\000E\000v\000a\000l\000u\000a\000t\000i\000o\000n\000\040\000m\000e\000t\000r\000i\000c\000s\000\040\000a\000n\000d\000\040\000m\000o\000d\000e\000l\000\040\000m\000e\000t\000a\000d\000a\000t\000a}{chapter.7}% 72
\BOOKMARK [1][-]{section.7.6}{\376\377\000M\000L\000\040\000i\000n\000f\000e\000r\000e\000n\000c\000e\000\040\000s\000e\000r\000v\000i\000c\000e}{chapter.7}% 73
\BOOKMARK [1][-]{section.7.7}{\376\377\000D\000i\000g\000i\000t\000a\000l\000\040\000T\000w\000i\000n\000\040\000s\000t\000a\000t\000e\000\040\000u\000p\000d\000a\000t\000e}{chapter.7}% 74
\BOOKMARK [1][-]{section.7.8}{\376\377\000W\000h\000a\000t\000-\000i\000f\000\040\000s\000i\000m\000u\000l\000a\000t\000i\000o\000n\000\040\000a\000n\000d\000\040\000r\000e\000c\000o\000m\000m\000e\000n\000d\000a\000t\000i\000o\000n\000\040\000g\000e\000n\000e\000r\000a\000t\000i\000o\000n}{chapter.7}% 75
\BOOKMARK [1][-]{section.7.9}{\376\377\000M\000u\000l\000t\000i\000-\000A\000g\000e\000n\000t\000\040\000d\000e\000c\000i\000s\000i\000o\000n\000-\000s\000u\000p\000p\000o\000r\000t\000\040\000s\000e\000r\000v\000i\000c\000e}{chapter.7}% 76
\BOOKMARK [1][-]{section.7.10}{\376\377\000E\000x\000p\000l\000a\000i\000n\000a\000b\000i\000l\000i\000t\000y\000\040\000a\000n\000d\000\040\000e\000v\000a\000l\000u\000a\000t\000i\000o\000n\000\040\000a\000r\000t\000i\000f\000a\000c\000t\000s}{chapter.7}% 77
\BOOKMARK [1][-]{section.7.11}{\376\377\000L\000i\000m\000i\000t\000a\000t\000i\000o\000n\000s}{chapter.7}% 78
\BOOKMARK [1][-]{section.7.12}{\376\377\000C\000o\000n\000c\000l\000u\000s\000i\000o\000n}{chapter.7}% 79
\BOOKMARK [0][-]{chapter.8}{\376\377\000U\000s\000e\000r\000\040\000I\000n\000t\000e\000r\000f\000a\000c\000e\000s\000\040\000a\000n\000d\000\040\000I\000r\000r\000i\000g\000a\000t\000i\000o\000n\000\040\000C\000o\000n\000t\000r\000o\000l}{part.4}% 80
\BOOKMARK [1][-]{section.8.1}{\376\377\000I\000n\000t\000r\000o\000d\000u\000c\000t\000i\000o\000n}{chapter.8}% 81
\BOOKMARK [1][-]{section.8.2}{\376\377\000F\000r\000o\000n\000t\000e\000n\000d\000\040\000a\000r\000c\000h\000i\000t\000e\000c\000t\000u\000r\000e}{chapter.8}% 82
\BOOKMARK [1][-]{section.8.3}{\376\377\000O\000p\000e\000r\000a\000t\000i\000o\000n\000s\000\040\000d\000a\000s\000h\000b\000o\000a\000r\000d}{chapter.8}% 83
\BOOKMARK [1][-]{section.8.4}{\376\377\000Z\000o\000n\000e\000\040\000m\000o\000n\000i\000t\000o\000r\000i\000n\000g}{chapter.8}% 84
\BOOKMARK [1][-]{section.8.5}{\376\377\000A\000I\000\040\000r\000e\000c\000o\000m\000m\000e\000n\000d\000a\000t\000i\000o\000n\000\040\000p\000r\000e\000v\000i\000e\000w}{chapter.8}% 85
\BOOKMARK [1][-]{section.8.6}{\376\377\000P\000u\000m\000p\000\040\000a\000n\000d\000\040\000a\000c\000t\000u\000a\000t\000o\000r\000\040\000c\000o\000n\000t\000r\000o\000l}{chapter.8}% 86
\BOOKMARK [1][-]{section.8.7}{\376\377\000F\000o\000r\000e\000c\000a\000s\000t\000\040\000w\000o\000r\000k\000s\000p\000a\000c\000e}{chapter.8}% 87
\BOOKMARK [1][-]{section.8.8}{\376\377\000D\000i\000g\000i\000t\000a\000l\000\040\000T\000w\000i\000n\000\040\000s\000i\000m\000u\000l\000a\000t\000i\000o\000n\000\040\000w\000o\000r\000k\000s\000p\000a\000c\000e}{chapter.8}% 88
\BOOKMARK [1][-]{section.8.9}{\376\377\000S\000c\000h\000e\000d\000u\000l\000e\000s\000\040\000p\000a\000g\000e}{chapter.8}% 89
\BOOKMARK [1][-]{section.8.10}{\376\377\000V\000a\000l\000i\000d\000a\000t\000e\000d\000\040\000d\000e\000c\000i\000s\000i\000o\000n\000s\000\040\000p\000a\000g\000e}{chapter.8}% 90
\BOOKMARK [1][-]{section.8.11}{\376\377\000M\000A\000S\000\040\000d\000e\000c\000i\000s\000i\000o\000n\000\040\000i\000n\000t\000e\000r\000f\000a\000c\000e}{chapter.8}% 91
\BOOKMARK [1][-]{section.8.12}{\376\377\000M\000o\000b\000i\000l\000e\000\040\000a\000p\000p\000l\000i\000c\000a\000t\000i\000o\000n}{chapter.8}% 92
\BOOKMARK [2][-]{subsection.8.12.1}{\376\377\000M\000o\000b\000i\000l\000e\000\040\000a\000c\000c\000e\000s\000s\000\040\000a\000n\000d\000\040\000n\000a\000v\000i\000g\000a\000t\000i\000o\000n}{section.8.12}% 93
\BOOKMARK [2][-]{subsection.8.12.2}{\376\377\000M\000o\000n\000i\000t\000o\000r\000i\000n\000g\000\040\000a\000n\000d\000\040\000D\000i\000g\000i\000t\000a\000l\000\040\000T\000w\000i\000n\000\040\000s\000t\000a\000t\000e}{section.8.12}% 94
\BOOKMARK [2][-]{subsection.8.12.3}{\376\377\000R\000e\000c\000o\000m\000m\000e\000n\000d\000a\000t\000i\000o\000n\000\040\000a\000n\000d\000\040\000d\000e\000c\000i\000s\000i\000o\000n\000\040\000s\000u\000p\000p\000o\000r\000t}{section.8.12}% 95
\BOOKMARK [2][-]{subsection.8.12.4}{\376\377\000I\000r\000r\000i\000g\000a\000t\000i\000o\000n\000\040\000c\000o\000n\000t\000r\000o\000l\000\040\000a\000n\000d\000\040\000s\000c\000h\000e\000d\000u\000l\000i\000n\000g}{section.8.12}% 96
\BOOKMARK [1][-]{section.8.13}{\376\377\000C\000o\000n\000c\000l\000u\000s\000i\000o\000n}{chapter.8}% 97
\BOOKMARK [-1][-]{part.5}{\376\377\000V\000\040\000D\000e\000p\000l\000o\000y\000m\000e\000n\000t\000,\000\040\000V\000a\000l\000i\000d\000a\000t\000i\000o\000n\000,\000\040\000a\000n\000d\000\040\000D\000i\000s\000c\000u\000s\000s\000i\000o\000n}{}% 98
\BOOKMARK [0][-]{chapter.9}{\376\377\000D\000e\000p\000l\000o\000y\000m\000e\000n\000t\000\040\000E\000n\000v\000i\000r\000o\000n\000m\000e\000n\000t}{part.5}% 99
\BOOKMARK [1][-]{section.9.1}{\376\377\000I\000n\000t\000r\000o\000d\000u\000c\000t\000i\000o\000n}{chapter.9}% 100
\BOOKMARK [1][-]{section.9.2}{\376\377\000D\000o\000c\000k\000e\000r\000\040\000C\000o\000m\000p\000o\000s\000e\000\040\000s\000t\000a\000c\000k}{chapter.9}% 101
\BOOKMARK [1][-]{section.9.3}{\376\377\000D\000e\000p\000l\000o\000y\000m\000e\000n\000t\000\040\000c\000o\000m\000m\000u\000n\000i\000c\000a\000t\000i\000o\000n\000\040\000f\000l\000o\000w}{chapter.9}% 102
\BOOKMARK [1][-]{section.9.4}{\376\377\000S\000e\000r\000v\000i\000c\000e\000\040\000r\000e\000s\000p\000o\000n\000s\000i\000b\000i\000l\000i\000t\000i\000e\000s}{chapter.9}% 103
\BOOKMARK [1][-]{section.9.5}{\376\377\000P\000r\000o\000t\000o\000t\000y\000p\000e\000\040\000m\000o\000b\000i\000l\000e\000\040\000a\000c\000c\000e\000s\000s\000\040\000w\000i\000t\000h\000\040\000N\000g\000r\000o\000k}{chapter.9}% 104
\BOOKMARK [1][-]{section.9.6}{\376\377\000D\000e\000p\000l\000o\000y\000m\000e\000n\000t\000\040\000l\000i\000m\000i\000t\000a\000t\000i\000o\000n\000s}{chapter.9}% 105
\BOOKMARK [1][-]{section.9.7}{\376\377\000C\000o\000n\000c\000l\000u\000s\000i\000o\000n}{chapter.9}% 106
\BOOKMARK [0][-]{chapter.10}{\376\377\000R\000e\000s\000u\000l\000t\000s\000,\000\040\000V\000a\000l\000i\000d\000a\000t\000i\000o\000n\000,\000\040\000a\000n\000d\000\040\000D\000i\000s\000c\000u\000s\000s\000i\000o\000n}{part.5}% 107
\BOOKMARK [1][-]{section.10.1}{\376\377\000I\000n\000t\000r\000o\000d\000u\000c\000t\000i\000o\000n}{chapter.10}% 108
\BOOKMARK [1][-]{section.10.2}{\376\377\000V\000a\000l\000i\000d\000a\000t\000i\000o\000n\000\040\000p\000r\000o\000t\000o\000c\000o\000l}{chapter.10}% 109
\BOOKMARK [1][-]{section.10.3}{\376\377\000T\000e\000s\000t\000\040\000e\000n\000v\000i\000r\000o\000n\000m\000e\000n\000t}{chapter.10}% 110
\BOOKMARK [1][-]{section.10.4}{\376\377\000S\000c\000e\000n\000a\000r\000i\000o\000\040\0001\000:\000\040\000M\000Q\000T\000T\000\040\000s\000e\000n\000s\000o\000r\000\040\000a\000c\000q\000u\000i\000s\000i\000t\000i\000o\000n}{chapter.10}% 111
\BOOKMARK [1][-]{section.10.5}{\376\377\000S\000c\000e\000n\000a\000r\000i\000o\000\040\0002\000:\000\040\000P\000o\000s\000t\000g\000r\000e\000S\000Q\000L\000\040\000p\000e\000r\000s\000i\000s\000t\000e\000n\000c\000e}{chapter.10}% 112
\BOOKMARK [1][-]{section.10.6}{\376\377\000S\000c\000e\000n\000a\000r\000i\000o\000\040\0003\000:\000\040\000D\000a\000s\000h\000b\000o\000a\000r\000d\000\040\000s\000y\000n\000c\000h\000r\000o\000n\000i\000z\000a\000t\000i\000o\000n}{chapter.10}% 113
\BOOKMARK [1][-]{section.10.7}{\376\377\000S\000c\000e\000n\000a\000r\000i\000o\000\040\0004\000:\000\040\000M\000a\000c\000h\000i\000n\000e\000-\000l\000e\000a\000r\000n\000i\000n\000g\000\040\000p\000r\000e\000d\000i\000c\000t\000i\000o\000n}{chapter.10}% 114
\BOOKMARK [1][-]{section.10.8}{\376\377\000S\000c\000e\000n\000a\000r\000i\000o\000\040\0005\000:\000\040\000D\000i\000g\000i\000t\000a\000l\000\040\000T\000w\000i\000n\000\040\000s\000i\000m\000u\000l\000a\000t\000i\000o\000n}{chapter.10}% 115
\BOOKMARK [1][-]{section.10.9}{\376\377\000S\000c\000e\000n\000a\000r\000i\000o\000\040\0006\000:\000\040\000R\000e\000c\000o\000m\000m\000e\000n\000d\000a\000t\000i\000o\000n\000\040\000a\000n\000d\000\040\000h\000u\000m\000a\000n\000\040\000v\000a\000l\000i\000d\000a\000t\000i\000o\000n}{chapter.10}% 116
\BOOKMARK [1][-]{section.10.10}{\376\377\000S\000c\000e\000n\000a\000r\000i\000o\000\040\0007\000:\000\040\000P\000u\000m\000p\000\040\000c\000o\000m\000m\000a\000n\000d\000\040\000a\000n\000d\000\040\000a\000c\000t\000u\000a\000t\000o\000r\000\040\000f\000e\000e\000d\000b\000a\000c\000k}{chapter.10}% 117
\BOOKMARK [1][-]{section.10.11}{\376\377\000S\000c\000e\000n\000a\000r\000i\000o\000\040\0008\000:\000\040\000M\000A\000S\000\040\000e\000x\000p\000l\000a\000i\000n\000a\000b\000l\000e\000\040\000i\000r\000r\000i\000g\000a\000t\000i\000o\000n\000\040\000d\000e\000c\000i\000s\000i\000o\000n}{chapter.10}% 118
\BOOKMARK [1][-]{section.10.12}{\376\377\000E\000n\000d\000-\000t\000o\000-\000e\000n\000d\000\040\000v\000a\000l\000i\000d\000a\000t\000i\000o\000n\000\040\000s\000u\000m\000m\000a\000r\000y}{chapter.10}% 119
\BOOKMARK [1][-]{section.10.13}{\376\377\000D\000i\000s\000c\000u\000s\000s\000i\000o\000n\000\040\000o\000f\000\040\000r\000e\000s\000u\000l\000t\000s}{chapter.10}% 120
\BOOKMARK [1][-]{section.10.14}{\376\377\000C\000o\000m\000p\000a\000r\000i\000s\000o\000n\000\040\000w\000i\000t\000h\000\040\000l\000i\000t\000e\000r\000a\000t\000u\000r\000e}{chapter.10}% 121
\BOOKMARK [1][-]{section.10.15}{\376\377\000L\000i\000m\000i\000t\000a\000t\000i\000o\000n\000s}{chapter.10}% 122
\BOOKMARK [1][-]{section.10.16}{\376\377\000F\000u\000t\000u\000r\000e\000\040\000w\000o\000r\000k}{chapter.10}% 123
\BOOKMARK [1][-]{section.10.17}{\376\377\000C\000o\000n\000c\000l\000u\000s\000i\000o\000n}{chapter.10}% 124
\BOOKMARK [0][-]{chapter*.87}{\376\377\000G\000e\000n\000e\000r\000a\000l\000\040\000C\000o\000n\000c\000l\000u\000s\000i\000o\000n\000\040\000a\000n\000d\000\040\000F\000u\000t\000u\000r\000e\000\040\000P\000e\000r\000s\000p\000e\000c\000t\000i\000v\000e\000s}{part.5}% 125
\BOOKMARK [0][-]{appendix.A}{\376\377\000F\000u\000l\000l\000\040\000C\000l\000a\000s\000s\000\040\000D\000i\000a\000g\000r\000a\000m}{part.5}% 126
\BOOKMARK [0][-]{appendix.B}{\376\377\000D\000e\000t\000a\000i\000l\000e\000d\000\040\000A\000r\000c\000h\000i\000t\000e\000c\000t\000u\000r\000e\000\040\000R\000e\000f\000e\000r\000e\000n\000c\000e}{part.5}% 127
\BOOKMARK [0][-]{appendix.C}{\376\377\000C\000o\000m\000p\000l\000e\000t\000e\000\040\000D\000a\000t\000a\000b\000a\000s\000e\000\040\000E\000R\000D}{part.5}% 128
\BOOKMARK [0][-]{appendix.D}{\376\377\000E\000x\000a\000m\000p\000l\000e\000\040\000M\000Q\000T\000T\000\040\000P\000a\000y\000l\000o\000a\000d\000s}{part.5}% 129
\BOOKMARK [0][-]{appendix.E}{\376\377\000D\000e\000t\000a\000i\000l\000e\000d\000\040\000P\000a\000p\000e\000r\000-\000b\000y\000-\000P\000a\000p\000e\000r\000\040\000L\000i\000t\000e\000r\000a\000t\000u\000r\000e\000\040\000M\000a\000t\000r\000i\000x}{part.5}% 130
\BOOKMARK [1][-]{section.E.1}{\376\377\000E\000x\000c\000l\000u\000d\000e\000d\000\040\000r\000e\000v\000i\000e\000w\000\040\000a\000n\000d\000\040\000o\000r\000i\000e\000n\000t\000a\000t\000i\000o\000n\000\040\000s\000o\000u\000r\000c\000e\000s}{appendix.E}% 131
\BOOKMARK [1][-]{section.E.2}{\376\377\000O\000r\000i\000g\000i\000n\000a\000l\000\040\000r\000e\000s\000e\000a\000r\000c\000h\000\040\000p\000a\000p\000e\000r\000s\000\040\000r\000e\000t\000a\000i\000n\000e\000d\000\040\000a\000s\000\040\000m\000a\000i\000n\000\040\000s\000o\000u\000r\000c\000e\000\040\000p\000o\000o\000l}{appendix.E}% 132
\BOOKMARK [2][-]{subsection.E.2.1}{\376\377\000K\000o\000d\000a\000l\000i\000\040\000a\000n\000d\000\040\000S\000a\000r\000j\000e\000r\000a\000o\000,\000\040\0002\0000\0001\0007}{section.E.2}% 133
\BOOKMARK [2][-]{subsection.E.2.2}{\376\377\000B\000a\000l\000a\000c\000e\000a\000n\000u\000\040\000e\000t\000\040\000a\000l\000.\000,\000\040\0002\0000\0001\0009}{section.E.2}% 134
\BOOKMARK [2][-]{subsection.E.2.3}{\376\377\000B\000e\000l\000l\000v\000e\000r\000t\000\040\000e\000t\000\040\000a\000l\000.\000,\000\040\0002\0000\0002\0003}{section.E.2}% 135
\BOOKMARK [2][-]{subsection.E.2.4}{\376\377\000M\000i\000l\000l\000a\000n\000\040\000e\000t\000\040\000a\000l\000.\000,\000\040\0002\0000\0002\0005}{section.E.2}% 136
\BOOKMARK [2][-]{subsection.E.2.5}{\376\377\000T\000a\000n\000c\000r\000e\000d\000i\000\040\000e\000t\000\040\000a\000l\000.\000,\000\040\0002\0000\0002\0005}{section.E.2}% 137
\BOOKMARK [2][-]{subsection.E.2.6}{\376\377\000E\000l\000\040\000H\000a\000c\000h\000i\000m\000i\000\040\000e\000t\000\040\000a\000l\000.\000,\000\040\0002\0000\0002\0005}{section.E.2}% 138
\BOOKMARK [2][-]{subsection.E.2.7}{\376\377\000K\000a\000l\000l\000e\000n\000b\000e\000r\000g\000\040\000e\000t\000\040\000a\000l\000.\000,\000\040\0002\0000\0002\0005}{section.E.2}% 139
\BOOKMARK [2][-]{subsection.E.2.8}{\376\377\000L\000i\000u\000\040\000e\000t\000\040\000a\000l\000.\000,\000\040\0002\0000\0002\0005}{section.E.2}% 140
\BOOKMARK [2][-]{subsection.E.2.9}{\376\377\000E\000d\000-\000D\000a\000o\000u\000d\000i\000\040\000e\000t\000\040\000a\000l\000.\000,\000\040\0002\0000\0002\0004}{section.E.2}% 141
\BOOKMARK [2][-]{subsection.E.2.10}{\376\377\000G\000u\000p\000t\000a\000\040\000e\000t\000\040\000a\000l\000.\000,\000\040\0002\0000\0002\0005}{section.E.2}% 142
\BOOKMARK [2][-]{subsection.E.2.11}{\376\377\000A\000d\000d\000i\000t\000i\000o\000n\000a\000l\000\040\000o\000r\000i\000g\000i\000n\000a\000l\000\040\000c\000a\000s\000e\000\040\000s\000t\000u\000d\000i\000e\000s}{section.E.2}% 143
\BOOKMARK [0][-]{appendix.F}{\376\377\000D\000e\000t\000a\000i\000l\000e\000d\000\040\000D\000a\000t\000a\000b\000a\000s\000e\000\040\000T\000a\000b\000l\000e\000\040\000D\000e\000s\000c\000r\000i\000p\000t\000i\000o\000n\000s}{part.5}% 144
\BOOKMARK [1][-]{section.F.1}{\376\377\000W\000h\000y\000\040\000t\000h\000i\000s\000\040\000d\000a\000t\000a\000b\000a\000s\000e\000\040\000s\000u\000p\000p\000o\000r\000t\000s\000\040\000a\000\040\000D\000i\000g\000i\000t\000a\000l\000\040\000T\000w\000i\000n}{appendix.F}% 145
\BOOKMARK [0][-]{appendix.G}{\376\377\000D\000e\000t\000a\000i\000l\000e\000d\000\040\000A\000P\000I\000\040\000a\000n\000d\000\040\000S\000e\000r\000v\000i\000c\000e\000\040\000R\000e\000s\000p\000o\000n\000s\000i\000b\000i\000l\000i\000t\000i\000e\000s}{part.5}% 146
\BOOKMARK [1][-]{section.G.1}{\376\377\000I\000n\000t\000e\000r\000n\000a\000l\000\040\000s\000e\000r\000v\000i\000c\000e\000s}{appendix.G}% 147
\BOOKMARK [1][-]{section.G.2}{\376\377\000A\000P\000I\000\040\000e\000v\000i\000d\000e\000n\000c\000e}{appendix.G}% 148
\BOOKMARK [0][-]{appendix.H}{\376\377\000D\000e\000t\000a\000i\000l\000e\000d\000\040\000A\000l\000g\000o\000r\000i\000t\000h\000m\000s\000\040\000a\000n\000d\000\040\000P\000s\000e\000u\000d\000o\000c\000o\000d\000e}{part.5}% 149
\BOOKMARK [1][-]{section.H.1}{\376\377\000M\000Q\000T\000T\000\040\000s\000e\000n\000s\000o\000r\000\040\000i\000n\000g\000e\000s\000t\000i\000o\000n\000\040\000a\000l\000g\000o\000r\000i\000t\000h\000m}{appendix.H}% 150
\BOOKMARK [1][-]{section.H.2}{\376\377\000R\000e\000a\000l\000-\000t\000i\000m\000e\000\040\000D\000i\000g\000i\000t\000a\000l\000\040\000T\000w\000i\000n\000\040\000u\000p\000d\000a\000t\000e\000\040\000a\000l\000g\000o\000r\000i\000t\000h\000m}{appendix.H}% 151
\BOOKMARK [1][-]{section.H.3}{\376\377\000W\000h\000a\000t\000-\000i\000f\000\040\000s\000i\000m\000u\000l\000a\000t\000i\000o\000n\000\040\000a\000l\000g\000o\000r\000i\000t\000h\000m}{appendix.H}% 152
\BOOKMARK [1][-]{section.H.4}{\376\377\000R\000e\000c\000o\000m\000m\000e\000n\000d\000a\000t\000i\000o\000n\000\040\000v\000a\000l\000i\000d\000a\000t\000i\000o\000n\000\040\000a\000l\000g\000o\000r\000i\000t\000h\000m}{appendix.H}% 153
\BOOKMARK [1][-]{section.H.5}{\376\377\000M\000A\000S\000\040\000d\000e\000c\000i\000s\000i\000o\000n\000\040\000a\000l\000g\000o\000r\000i\000t\000h\000m}{appendix.H}% 154
\BOOKMARK [1][-]{section.H.6}{\376\377\000S\000c\000h\000e\000d\000u\000l\000e\000d\000\040\000i\000r\000r\000i\000g\000a\000t\000i\000o\000n\000\040\000e\000x\000e\000c\000u\000t\000i\000o\000n\000\040\000a\000l\000g\000o\000r\000i\000t\000h\000m}{appendix.H}% 155
\BOOKMARK [1][-]{section.H.7}{\376\377\000F\000o\000r\000m\000u\000l\000a\000\040\000n\000o\000t\000e\000s\000\040\000f\000o\000r\000\040\000s\000i\000m\000p\000l\000e\000\040\000m\000o\000i\000s\000t\000u\000r\000e\000\040\000p\000r\000o\000j\000e\000c\000t\000i\000o\000n}{appendix.H}% 156
