This is XeTeX, Version 3.141592653-2.6-0.999998 (MiKTeX 26.2) (preloaded format=xelatex 2026.6.5)  2 JUL 2026 23:39
entering extended mode
 restricted \write18 enabled.
 %&-line parsing enabled.
**./main.tex
(main.tex
LaTeX2e <2025-11-01>
L3 programming layer <2026-03-20>
(C:\Users\orani\AppData\Local\Programs\MiKTeX\tex/latex/base\report.cls
Document Class: report 2025/01/22 v1.4n Standard LaTeX document class
(C:\Users\orani\AppData\Local\Programs\MiKTeX\tex/latex/base\size12.clo
File: size12.clo 2025/01/22 v1.4n Standard LaTeX file (size option)
)
\c@part=\count271
\c@chapter=\count272
\c@section=\count273
\c@subsection=\count274
\c@subsubsection=\count275
\c@paragraph=\count276
\c@subparagraph=\count277
\c@figure=\count278
\c@table=\count279
\abovecaptionskip=\skip49
\belowcaptionskip=\skip50
\bibindent=\dimen150
)
(preamble.tex
(C:\Users\orani\AppData\Local\Programs\MiKTeX\tex/latex/geometry\geometry.sty
Package: geometry 2026/03/07 v6.0 Page Geometry

(C:\Users\orani\AppData\Local\Programs\MiKTeX\tex/latex/graphics\keyval.sty
Package: keyval 2022/05/29 v1.15 key=value parser (DPC)
\KV@toks@=\toks17
)
(C:\Users\orani\AppData\Local\Programs\MiKTeX\tex/generic/iftex\ifvtex.sty
Package: ifvtex 2019/10/25 v1.7 ifvtex legacy package. Use iftex instead.

(C:\Users\orani\AppData\Local\Programs\MiKTeX\tex/generic/iftex\iftex.sty
Package: iftex 2024/12/12 v1.0g TeX engine tests
))
\Gm@cnth=\count280
\Gm@cntv=\count281
\c@Gm@tempcnt=\count282
\Gm@bindingoffset=\dimen151
\Gm@wd@mp=\dimen152
\Gm@odd@mp=\dimen153
\Gm@even@mp=\dimen154
\Gm@layoutwidth=\dimen155
\Gm@layoutheight=\dimen156
\Gm@layouthoffset=\dimen157
\Gm@layoutvoffset=\dimen158
\Gm@dimlist=\toks18

(C:\Users\orani\AppData\Local\Programs\MiKTeX\tex/latex/geometry\geometry.cfg))
(C:\Users\orani\AppData\Local\Programs\MiKTeX\tex/latex/fontspec\fontspec.sty
(C:\Users\orani\AppData\Local\Programs\MiKTeX\tex/latex/l3packages/xparse\xpars
e.sty
(C:\Users\orani\AppData\Local\Programs\MiKTeX\tex/latex/l3kernel\expl3.sty
Package: expl3 2026-03-20 L3 programming layer (loader) 

(C:\Users\orani\AppData\Local\Programs\MiKTeX\tex/latex/l3backend\l3backend-xet
ex.def
File: l3backend-xetex.def 2026-02-18 L3 backend support: XeTeX
\g__graphics_track_int=\count283
\g__pdfannot_backend_int=\count284
\g__pdfannot_backend_link_int=\count285
))
Package: xparse 2025-10-09 L3 Experimental document command parser
)
Package: fontspec 2025/09/29 v2.9g Font selection for XeLaTeX and LuaLaTeX

(C:\Users\orani\AppData\Local\Programs\MiKTeX\tex/latex/fontspec\fontspec-xetex
.sty
Package: fontspec-xetex 2025/09/29 v2.9g Font selection for XeLaTeX and LuaLaTe
X
\l__fontspec_script_int=\count286
\l__fontspec_language_int=\count287
\l__fontspec_strnum_int=\count288
\l__fontspec_tmp_int=\count289
\l__fontspec_tmpa_int=\count290
\l__fontspec_tmpb_int=\count291
\l__fontspec_tmpc_int=\count292
\l__fontspec_em_int=\count293
\l__fontspec_emdef_int=\count294
\l__fontspec_strong_int=\count295
\l__fontspec_strongdef_int=\count296
\l__fontspec_tmpa_dim=\dimen159
\l__fontspec_tmpb_dim=\dimen160
\l__fontspec_tmpc_dim=\dimen161
 (C:\Users\orani\AppData\Local\Programs\MiKTeX\tex/latex/base\fontenc.sty
Package: fontenc 2025/07/18 v2.1d Standard LaTeX package
)
(C:\Users\orani\AppData\Local\Programs\MiKTeX\tex/latex/fontspec\fontspec.cfg))
)
(C:\Users\orani\AppData\Local\Programs\MiKTeX\tex/latex/polyglossia\polyglossia
.sty
Package: polyglossia 2026/04/18 v2.10 Modern multilingual typesetting with XeLa
TeX and LuaLaTeX

(C:\Users\orani\AppData\Local\Programs\MiKTeX\tex/latex/etoolbox\etoolbox.sty
Package: etoolbox 2025/10/02 v2.5m e-TeX tools for LaTeX (JAW)
\etb@tempcnta=\count297
)
\l_xpg_alias_keyvals_int=\count298

(C:\Users\orani\AppData\Local\Programs\MiKTeX\tex/latex/polyglossia\gloss-latex
.ldf
File: gloss-latex.ldf polyglossia: module for default language
))
(C:\Users\orani\AppData\Local\Programs\MiKTeX\tex/latex/polyglossia\gloss-engli
sh.ldf
File: gloss-english.ldf polyglossia: module for English
)

Package polyglossia Info: Default language is english


(C:\Users\orani\AppData\Local\Programs\MiKTeX\tex/latex/polyglossia\gloss-frenc
h.ldf
File: gloss-french.ldf polyglossia: module for French
\french@openbrackets=\XeTeXcharclass1
\french@closebrackets=\XeTeXcharclass2
\french@questionexclamation=\XeTeXcharclass3
\french@punctthin=\XeTeXcharclass4
\french@punctthick=\XeTeXcharclass5
\french@punctguillstart=\XeTeXcharclass6
\french@punctguillend=\XeTeXcharclass7
)
(C:\Users\orani\AppData\Local\Programs\MiKTeX\tex/latex/polyglossia\gloss-arabi
c.ldf
File: gloss-arabic.ldf polyglossia: module for Arabic
 (C:\Users\orani\AppData\Local\Programs\MiKTeX\tex/latex/bidi\bidi.sty
Package: bidi 2026/01/08 v26.01.08 (Release Iran) Bidirectional typesetting in 
plain TeX and LaTeX

****************************************************
* 
* bidi package (Bidirectional typesetting with
* plain TeX and LaTeX formats in XeTeX and LuaTeX engines)
* 
* Description: A convenient interface for
* typesetting bidirectional texts in plain TeX
* and LaTeX. The package includes adaptations
* for use with many other commonly-used packages.
* 
* Copyright (c) 2007--2026 Vafa Khalighi
* Copyright (c) 2018--2020 bidi-tex GitHub organization
* 
* v26.01.08 (Release Iran), 2026/01/08
* 
* License: LaTeX Project Public License, version
* 1.3c or higher (your choice)
* 
* Location on CTAN: /macros/unicodetex/generic/bidi
* 
* Issue tracker: https://github.com/xepersian/bidi/issues
* 
* Primary author of bidi package: Vafa Khalighi.
* 
****************************************************
(C:\Users\orani\AppData\Local\Programs\MiKTeX\tex/latex/bidi\biditools.sty
Package: biditools 2025/12/19 v2.9 Programming tools for bidi package
\@bidi@envbody=\toks19
\@bidi@emptytoks=\toks20
\bidi@poscount=\count299
\bidi@tempcountb=\count300
\bidi@temptoksa=\toks21
\bidi@temptoksb=\toks22
\bidi@dummies=\count301
\bidi@are@these@correct=\toks23
\bidi@toks@lista=\toks24
\bidi@toks@listb=\toks25
\bidi@stack@length=\count302
\bidi@empty@stack=\toks26
\bidi@looprepeat@depth=\count303
)
(C:\Users\orani\AppData\Local\Programs\MiKTeX\tex/latex/zref\zref-abspage.sty
Package: zref-abspage 2026-03-07 v2.37 Module abspage for zref (HO)

(C:\Users\orani\AppData\Local\Programs\MiKTeX\tex/latex/zref\zref-base.sty
Package: zref-base 2026-03-07 v2.37 Module base for zref (HO)

(C:\Users\orani\AppData\Local\Programs\MiKTeX\tex/generic/ltxcmds\ltxcmds.sty
Package: ltxcmds 2023-12-04 v1.26 LaTeX kernel commands for general use (HO)
)
(C:\Users\orani\AppData\Local\Programs\MiKTeX\tex/generic/infwarerr\infwarerr.s
ty
Package: infwarerr 2019/12/03 v1.5 Providing info/warning/error messages (HO)
)
(C:\Users\orani\AppData\Local\Programs\MiKTeX\tex/latex/kvsetkeys\kvsetkeys.sty
Package: kvsetkeys 2022-10-05 v1.19 Key value parser (HO)
)
(C:\Users\orani\AppData\Local\Programs\MiKTeX\tex/generic/kvdefinekeys\kvdefine
keys.sty
Package: kvdefinekeys 2019-12-19 v1.6 Define keys (HO)
)
(C:\Users\orani\AppData\Local\Programs\MiKTeX\tex/generic/pdftexcmds\pdftexcmds
.sty
Package: pdftexcmds 2020-06-27 v0.33 Utility functions of pdfTeX for LuaTeX (HO
)
Package pdftexcmds Info: \pdf@primitive is available.
Package pdftexcmds Info: \pdf@ifprimitive is available.
Package pdftexcmds Info: \pdfdraftmode not found.
)
(C:\Users\orani\AppData\Local\Programs\MiKTeX\tex/generic/etexcmds\etexcmds.sty
Package: etexcmds 2019/12/15 v1.7 Avoid name clashes with e-TeX commands (HO)
) (C:\Users\orani\AppData\Local\Programs\MiKTeX\tex/latex/auxhook\auxhook.sty
Package: auxhook 2019-12-17 v1.6 Hooks for auxiliary files (HO)
)
Package zref Info: New property list: main on input line 767.
Package zref Info: New property: default on input line 768.
Package zref Info: New property: page on input line 769.
)
\c@abspage=\count304
Package zref Info: New property: abspage on input line 67.
)
\@bidi@copyins@=\insert252
\bidi@typesethour=\count305
\bidi@typesetminute=\count306

(C:\Users\orani\AppData\Local\Programs\MiKTeX\tex/latex/bidi\latex-xetex-bidi.d
ef
File: latex-xetex-bidi.def 2025/12/19 v1.5.6 bidi adaptations for `latex.ltx' f
or XeTeX engine
\bidi@n@everypar=\toks27
LaTeX Info: Redefining \centerline on input line 317.
LaTeX Info: Redefining \leftline on input line 326.
LaTeX Info: Redefining \rightline on input line 327.
LaTeX Info: Redefining \underline on input line 335.
\bidi@column@check@number=\count307

(C:\Users\orani\AppData\Local\Programs\MiKTeX\tex/latex/bidi\footnote-xetex-bid
i.def
File: footnote-xetex-bidi.def 2025/09/30 v1.6 bidi footnote macros for XeTeX en
gine
\c@footdir@label=\count308
\footdir@toks=\toks28
)
(C:\Users\orani\AppData\Local\Programs\MiKTeX\tex/latex/bidi\report-xetex-bidi.
def
File: report-xetex-bidi.def 2025/12/19 v1.3 bidi adaptations for standard repor
t class for XeTeX engine
)
(C:\Users\orani\AppData\Local\Programs\MiKTeX\tex/latex/bidi\geometry-xetex-bid
i.def
File: geometry-xetex-bidi.def 2017/01/14 v0.2 bidi adaptations for geometry pac
kage for XeTeX engine
))
\bidi@digits=\count309
\bidi@digits@charclass=\XeTeXcharclass8
\bidi@sepmark@charclass=\XeTeXcharclass9
)
(C:\Users\orani\AppData\Local\Programs\MiKTeX\tex/latex/polyglossia\arabicnumbe
rs.sty
Package: arabicnumbers 2010/03/18 v0.2 Formatting of Arabic and Farsi digits an
d of Arabic abjad numerals
)
(C:\Users\orani\AppData\Local\Programs\MiKTeX\tex/latex/polyglossia\hijrical.st
y
Package: hijrical 2010/07/12 v0.2 Islamic calendar
 (C:\Users\orani\AppData\Local\Programs\MiKTeX\tex/latex/tools\calc.sty
Package: calc 2025/03/01 v4.3b Infix arithmetic (KKT,FJ)
\calc@Acount=\count310
\calc@Bcount=\count311
\calc@Adimen=\dimen162
\calc@Bdimen=\dimen163
\calc@Askip=\skip51
\calc@Bskip=\skip52
LaTeX Info: Redefining \setlength on input line 86.
LaTeX Info: Redefining \addtolength on input line 87.
\calc@Ccount=\count312
\calc@Cskip=\skip53
)
(C:\Users\orani\AppData\Local\Programs\MiKTeX\tex/latex/polyglossia\cal-util.de
f
\c@tmpA=\count313
\c@tmpB=\count314
\c@tmpC=\count315
\c@tmpD=\count316
\c@tmpE=\count317
\c@tmpF=\count318
)
\c@Hijriday=\count319
\c@Hijrimonth=\count320
\c@Hijriyear=\count321
))

Package fontspec Info: 
(fontspec)             Font family 'LatinModernRoman(0)' created for font
(fontspec)             'Latin Modern Roman' with options [Ligatures=TeX].
(fontspec)              
(fontspec)              This font family consists of the following NFSS
(fontspec)             series/shapes:
(fontspec)              
(fontspec)             - 'normal' (m/n) with NFSS spec.: <->"Latin Modern
(fontspec)             Roman/OT:script=latn;language=dflt;mapping=tex-text;"
(fontspec)             - 'bold' (b/n) with NFSS spec.: <->"Latin Modern
(fontspec)             Roman/B/OT:script=latn;language=dflt;mapping=tex-text;"
(fontspec)             - 'italic' (m/it) with NFSS spec.: <->"Latin Modern
(fontspec)             Roman/I/OT:script=latn;language=dflt;mapping=tex-text;"
(fontspec)             - 'bold italic' (b/it) with NFSS spec.: <->"Latin
(fontspec)             Modern
(fontspec)             Roman/BI/OT:script=latn;language=dflt;mapping=tex-text;"



Package fontspec Info: 
(fontspec)             Font family 'Arial(0)' created for font 'Arial' with
(fontspec)             options [Script=Arabic].
(fontspec)              
(fontspec)              This font family consists of the following NFSS
(fontspec)             series/shapes:
(fontspec)              
(fontspec)             - 'normal' (m/n) with NFSS spec.:
(fontspec)             <->"Arial/OT:script=arab;language=dflt;"
(fontspec)             - 'small caps'  (m/sc) with NFSS spec.:
(fontspec)             <->"Arial/OT:script=arab;language=dflt;+smcp;"
(fontspec)             - 'bold' (b/n) with NFSS spec.:
(fontspec)             <->"Arial/B/OT:script=arab;language=dflt;"
(fontspec)             - 'bold small caps'  (b/sc) with NFSS spec.:
(fontspec)             <->"Arial/B/OT:script=arab;language=dflt;+smcp;"
(fontspec)             - 'italic' (m/it) with NFSS spec.:
(fontspec)             <->"Arial/I/OT:script=arab;language=dflt;"
(fontspec)             - 'italic small caps'  (m/scit) with NFSS spec.:
(fontspec)             <->"Arial/I/OT:script=arab;language=dflt;+smcp;"
(fontspec)             - 'bold italic' (b/it) with NFSS spec.:
(fontspec)             <->"Arial/BI/OT:script=arab;language=dflt;"
(fontspec)             - 'bold italic small caps'  (b/scit) with NFSS spec.:
(fontspec)             <->"Arial/BI/OT:script=arab;language=dflt;+smcp;"


(C:\Users\orani\AppData\Local\Programs\MiKTeX\tex/latex/graphics\graphicx.sty
Package: graphicx 2024/12/31 v1.2e Enhanced LaTeX Graphics (DPC,SPQR)

(C:\Users\orani\AppData\Local\Programs\MiKTeX\tex/latex/graphics\graphics.sty
Package: graphics 2024/08/06 v1.4g Standard LaTeX Graphics (DPC,SPQR)

(C:\Users\orani\AppData\Local\Programs\MiKTeX\tex/latex/graphics\trig.sty
Package: trig 2023/12/02 v1.11 sin cos tan (DPC)
)
(C:\Users\orani\AppData\Local\Programs\MiKTeX\tex/latex/graphics-cfg\graphics.c
fg
File: graphics.cfg 2016/06/04 v1.11 sample graphics configuration
)
Package graphics Info: Driver file: xetex.def on input line 106.

(C:\Users\orani\AppData\Local\Programs\MiKTeX\tex/latex/graphics-def\xetex.def
File: xetex.def 2025/11/01 v5.0p Graphics/color driver for xetex
))
\Gin@req@height=\dimen164
\Gin@req@width=\dimen165
)
(C:\Users\orani\AppData\Local\Programs\MiKTeX\tex/latex/bidi\graphicx-xetex-bid
i.def
File: graphicx-xetex-bidi.def 2017/06/17 v0.5 bidi adaptations for graphicx pac
kage for XeTeX engine
) (C:\Users\orani\AppData\Local\Programs\MiKTeX\tex/latex/float\float.sty
Package: float 2001/11/08 v1.3d Float enhancements (AL)
\c@float@type=\count322
\float@exts=\toks29
\float@box=\box53
\@float@everytoks=\toks30
\@floatcapt=\box54
)
(C:\Users\orani\AppData\Local\Programs\MiKTeX\tex/latex/bidi\float-xetex-bidi.d
ef
File: float-xetex-bidi.def 2013/04/04 v0.2 bidi adaptations for float package f
or XeTeX engine
)
(C:\Users\orani\AppData\Local\Programs\MiKTeX\tex/latex/booktabs\booktabs.sty
Package: booktabs 2020/01/12 v1.61803398 Publication quality tables
\heavyrulewidth=\dimen166
\lightrulewidth=\dimen167
\cmidrulewidth=\dimen168
\belowrulesep=\dimen169
\belowbottomsep=\dimen170
\aboverulesep=\dimen171
\abovetopsep=\dimen172
\cmidrulesep=\dimen173
\cmidrulekern=\dimen174
\defaultaddspace=\dimen175
\@cmidla=\count323
\@cmidlb=\count324
\@aboverulesep=\dimen176
\@belowrulesep=\dimen177
\@thisruleclass=\count325
\@lastruleclass=\count326
\@thisrulewidth=\dimen178
)
(C:\Users\orani\AppData\Local\Programs\MiKTeX\tex/latex/tools\longtable.sty
Package: longtable 2025-10-13 v4.24 Multi-page Table package (DPC)
\LTleft=\skip54
\LTright=\skip55
\LTpre=\skip56
\LTpost=\skip57
\LTchunksize=\count327
\LTcapwidth=\dimen179
\LT@head=\box55
\LT@firsthead=\box56
\LT@foot=\box57
\LT@lastfoot=\box58
\LT@gbox=\box59
\LT@cols=\count328
\LT@rows=\count329
\c@LT@tables=\count330
\c@LT@chunks=\count331
\LT@p@ftn=\toks31
)
(C:\Users\orani\AppData\Local\Programs\MiKTeX\tex/latex/bidi\longtable-xetex-bi
di.def
File: longtable-xetex-bidi.def 2025/01/05 v0.8 bidi adaptations for longtable p
ackage for XeTeX engine
) (C:\Users\orani\AppData\Local\Programs\MiKTeX\tex/latex/tools\array.sty
Package: array 2025/09/25 v2.6n Tabular extension package (FMi)
\col@sep=\dimen180
\ar@mcellbox=\box60
\extrarowheight=\dimen181
\NC@list=\toks32
\extratabsurround=\skip58
\backup@length=\skip59
\ar@cellbox=\box61
)
(C:\Users\orani\AppData\Local\Programs\MiKTeX\tex/latex/bidi\array-xetex-bidi.d
ef
File: array-xetex-bidi.def 2025/12/06 v0.8 bidi adaptations for array package f
or XeTeX engine
)
(C:\Users\orani\AppData\Local\Programs\MiKTeX\tex/latex/multirow\multirow.sty
Package: multirow 2024/11/12 v2.9 Span multiple rows of a table
\multirow@colwidth=\skip60
\multirow@cntb=\count332
\multirow@dima=\skip61
\bigstrutjot=\dimen182
)
(C:\Users\orani\AppData\Local\Programs\MiKTeX\tex/latex/xcolor\xcolor.sty
Package: xcolor 2024/09/29 v3.02 LaTeX color extensions (UK)

(C:\Users\orani\AppData\Local\Programs\MiKTeX\tex/latex/graphics-cfg\color.cfg
File: color.cfg 2016/01/02 v1.6 sample color configuration
)
Package xcolor Info: Driver file: xetex.def on input line 274.
(C:\Users\orani\AppData\Local\Programs\MiKTeX\tex/latex/graphics\mathcolor.ltx)
Package xcolor Info: Model `cmy' substituted by `cmy0' on input line 1349.
Package xcolor Info: Model `RGB' extended on input line 1365.
Package xcolor Info: Model `HTML' substituted by `rgb' on input line 1367.
Package xcolor Info: Model `Hsb' substituted by `hsb' on input line 1368.
Package xcolor Info: Model `tHsb' substituted by `hsb' on input line 1369.
Package xcolor Info: Model `HSB' substituted by `hsb' on input line 1370.
Package xcolor Info: Model `Gray' substituted by `gray' on input line 1371.
Package xcolor Info: Model `wave' substituted by `hsb' on input line 1372.
) (C:\Users\orani\AppData\Local\Programs\MiKTeX\tex/latex/colortbl\colortbl.sty
Package: colortbl 2026/05/01 v1.0l Color table columns (DPC)
\everycr=\toks33
\minrowclearance=\skip62
\rownum=\count333
)
(C:\Users\orani\AppData\Local\Programs\MiKTeX\tex/latex/bidi\colortbl-xetex-bid
i.def
File: colortbl-xetex-bidi.def 2012/06/10 v0.2 bidi adaptations for colortbl pac
kage for XeTeX engine
)
(C:\Users\orani\AppData\Local\Programs\MiKTeX\tex/latex/bidi\xcolor-xetex-bidi.
def
File: xcolor-xetex-bidi.def 2022/06/13 v0.3 bidi adaptations for xcolor package
 for XeTeX engine
LaTeX Info: Redefining \color on input line 49.
)
(C:\Users\orani\AppData\Local\Programs\MiKTeX\tex/latex/caption\caption.sty
Package: caption 2023/08/05 v3.6o Customizing captions (AR)

(C:\Users\orani\AppData\Local\Programs\MiKTeX\tex/latex/caption\caption3.sty
Package: caption3 2023/07/31 v2.4d caption3 kernel (AR)
\caption@tempdima=\dimen183
\captionmargin=\dimen184
\caption@leftmargin=\dimen185
\caption@rightmargin=\dimen186
\caption@width=\dimen187
\caption@indent=\dimen188
\caption@parindent=\dimen189
\caption@hangindent=\dimen190
Package caption Info: Unknown document class (or package),
(caption)             standard defaults will be used.
Package caption Info: \@makecaption = \long macro:#1#2->\vskip \abovecaptionski
p \sbox \@tempboxa {#1: #2}\ifdim \wd \@tempboxa >\hsize \if@RTL \beginR \fi #1
: #2\if@RTL \endR \fi \par \else \global \@minipagefalse \hb@xt@ \hsize {\if@RT
L \beginR \fi \hfil \box \@tempboxa \hfil \if@RTL \endR \fi }\fi \vskip \belowc
aptionskip  on input line 1175.
)
(C:\Users\orani\AppData\Local\Programs\MiKTeX\tex/latex/bidi\caption3-xetex-bid
i.def
File: caption3-xetex-bidi.def 2013/04/01 v0.1 bidi adaptations for caption3 pac
kage for XeTeX engine
)

Package caption Warning: Unknown document class (or package),
(caption)                standard defaults will be used.
See the caption package documentation for explanation.

\c@caption@flags=\count334
\c@continuedfloat=\count335
Package caption Info: float package is loaded.
Package caption Info: longtable package is loaded.
(C:\Users\orani\AppData\Local\Programs\MiKTeX\tex/latex/caption\ltcaption.sty
Package: ltcaption 2021/01/08 v1.4c longtable captions (AR)
))
(C:\Users\orani\AppData\Local\Programs\MiKTeX\tex/latex/bidi\caption-xetex-bidi
.def
File: caption-xetex-bidi.def 2010/07/25 v0.1 bidi adaptations for caption packa
ge for XeTeX engine
)
(C:\Users\orani\AppData\Local\Programs\MiKTeX\tex/latex/caption\subcaption.sty
Package: subcaption 2023/07/28 v1.6b Sub-captions (AR)
Package caption Info: New subtype `subfigure' on input line 238.
\c@subfigure=\count336
Package caption Info: New subtype `subtable' on input line 238.
\c@subtable=\count337
)
(C:\Users\orani\AppData\Local\Programs\MiKTeX\tex/latex/pdflscape\pdflscape.sty
Package: pdflscape 2022-10-27 v0.13 Display of landscape pages in PDF

(C:\Users\orani\AppData\Local\Programs\MiKTeX\tex/latex/pdflscape\pdflscape-nom
etadata.sty
Package: pdflscape-nometadata 2022-10-28 v0.13 Display of landscape pages in PD
F (HO)

(C:\Users\orani\AppData\Local\Programs\MiKTeX\tex/latex/graphics\lscape.sty
Package: lscape 2020/05/28 v3.02 Landscape Pages (DPC)
)
(C:\Users\orani\AppData\Local\Programs\MiKTeX\tex/latex/bidi\lscape-xetex-bidi.
def
File: lscape-xetex-bidi.def 2025/01/03 v0.3 bidi adaptations for lscape package
 for XeTeX engine
)
Package pdflscape Info: Auto-detected driver: dvipdfm (xetex) on input line 98.

))
(C:\Users\orani\AppData\Local\Programs\MiKTeX\tex/latex/bidi\pdflscape-xetex-bi
di.def
File: pdflscape-xetex-bidi.def 2022/02/18 v0.1 bidi adaptations for pdflscape p
ackage for XeTeX engine
)
(C:\Users\orani\AppData\Local\Programs\MiKTeX\tex/latex/amsmath\amsmath.sty
Package: amsmath 2025/07/09 v2.17z AMS math features
\@mathmargin=\skip63

For additional information on amsmath, use the `?' option.
(C:\Users\orani\AppData\Local\Programs\MiKTeX\tex/latex/amsmath\amstext.sty
Package: amstext 2024/11/17 v2.01 AMS text

(C:\Users\orani\AppData\Local\Programs\MiKTeX\tex/latex/amsmath\amsgen.sty
File: amsgen.sty 1999/11/30 v2.0 generic functions
\@emptytoks=\toks34
\ex@=\dimen191
))
(C:\Users\orani\AppData\Local\Programs\MiKTeX\tex/latex/bidi\amstext-xetex-bidi
.def
File: amstext-xetex-bidi.def 2016/09/12 v0.2 bidi adaptations for amstext packa
ge for XeTeX engine
)
(C:\Users\orani\AppData\Local\Programs\MiKTeX\tex/latex/amsmath\amsbsy.sty
Package: amsbsy 1999/11/29 v1.2d Bold Symbols
\pmbraise@=\dimen192
)
(C:\Users\orani\AppData\Local\Programs\MiKTeX\tex/latex/amsmath\amsopn.sty
Package: amsopn 2022/04/08 v2.04 operator names
)
\inf@bad=\count338
LaTeX Info: Redefining \frac on input line 233.
\uproot@=\count339
\leftroot@=\count340
LaTeX Info: Redefining \overline on input line 398.
LaTeX Info: Redefining \colon on input line 409.
\classnum@=\count341
\DOTSCASE@=\count342
LaTeX Info: Redefining \ldots on input line 495.
LaTeX Info: Redefining \dots on input line 498.
LaTeX Info: Redefining \cdots on input line 619.
\Mathstrutbox@=\box62
\strutbox@=\box63
LaTeX Info: Redefining \big on input line 721.
LaTeX Info: Redefining \Big on input line 722.
LaTeX Info: Redefining \bigg on input line 723.
LaTeX Info: Redefining \Bigg on input line 724.
\big@size=\dimen193
LaTeX Font Info:    Redeclaring font encoding OML on input line 742.
LaTeX Font Info:    Redeclaring font encoding OMS on input line 743.
\macc@depth=\count343
LaTeX Info: Redefining \bmod on input line 904.
LaTeX Info: Redefining \pmod on input line 909.
LaTeX Info: Redefining \smash on input line 939.
LaTeX Info: Redefining \relbar on input line 969.
LaTeX Info: Redefining \Relbar on input line 970.
\c@MaxMatrixCols=\count344
\dotsspace@=\muskip17
\c@parentequation=\count345
\dspbrk@lvl=\count346
\tag@help=\toks35
\row@=\count347
\column@=\count348
\maxfields@=\count349
\andhelp@=\toks36
\eqnshift@=\dimen194
\alignsep@=\dimen195
\tagshift@=\dimen196
\tagwidth@=\dimen197
\totwidth@=\dimen198
\lineht@=\dimen199
\@envbody=\toks37
\multlinegap=\skip64
\multlinetaggap=\skip65
\mathdisplay@stack=\toks38
LaTeX Info: Redefining \[ on input line 2950.
LaTeX Info: Redefining \] on input line 2951.
)
(C:\Users\orani\AppData\Local\Programs\MiKTeX\tex/latex/bidi\amsmath-xetex-bidi
.def
File: amsmath-xetex-bidi.def 2020/05/16 v1.2 bidi adaptations for amsmath packa
ge for XeTeX engine
)
(C:\Users\orani\AppData\Local\Programs\MiKTeX\tex/latex/setspace\setspace.sty
Package: setspace 2022/12/04 v6.7b set line spacing
)
(C:\Users\orani\AppData\Local\Programs\MiKTeX\tex/latex/tocloft\tocloft.sty
Package: tocloft 2017/08/31 v2.3i parameterised ToC, etc., typesetting
Package tocloft Info: The document has chapter divisions on input line 51.
\cftparskip=\skip66
\cftbeforetoctitleskip=\skip67
\cftaftertoctitleskip=\skip68
\cftbeforepartskip=\skip69
\cftpartnumwidth=\skip70
\cftpartindent=\skip71
\cftbeforechapskip=\skip72
\cftchapindent=\skip73
\cftchapnumwidth=\skip74
\cftbeforesecskip=\skip75
\cftsecindent=\skip76
\cftsecnumwidth=\skip77
\cftbeforesubsecskip=\skip78
\cftsubsecindent=\skip79
\cftsubsecnumwidth=\skip80
\cftbeforesubsubsecskip=\skip81
\cftsubsubsecindent=\skip82
\cftsubsubsecnumwidth=\skip83
\cftbeforeparaskip=\skip84
\cftparaindent=\skip85
\cftparanumwidth=\skip86
\cftbeforesubparaskip=\skip87
\cftsubparaindent=\skip88
\cftsubparanumwidth=\skip89
\cftbeforeloftitleskip=\skip90
\cftafterloftitleskip=\skip91
\cftbeforefigskip=\skip92
\cftfigindent=\skip93
\cftfignumwidth=\skip94
\c@lofdepth=\count350
\c@lotdepth=\count351
\cftbeforelottitleskip=\skip95
\cftafterlottitleskip=\skip96
\cftbeforetabskip=\skip97
\cfttabindent=\skip98
\cfttabnumwidth=\skip99
)
(C:\Users\orani\AppData\Local\Programs\MiKTeX\tex/latex/bidi\tocloft-xetex-bidi
.def
File: tocloft-xetex-bidi.def 2025/01/03 v0.4 bidi adaptations for tocloft packa
ge for XeTeX engine
)
(C:\Users\orani\AppData\Local\Programs\MiKTeX\tex/latex/ragged2e\ragged2e.sty
Package: ragged2e 2023/06/22 v3.6 ragged2e Package
\CenteringLeftskip=\skip100
\RaggedLeftLeftskip=\skip101
\RaggedRightLeftskip=\skip102
\CenteringRightskip=\skip103
\RaggedLeftRightskip=\skip104
\RaggedRightRightskip=\skip105
\CenteringParfillskip=\skip106
\RaggedLeftParfillskip=\skip107
\RaggedRightParfillskip=\skip108
\JustifyingParfillskip=\skip109
\CenteringParindent=\skip110
\RaggedLeftParindent=\skip111
\RaggedRightParindent=\skip112
\JustifyingParindent=\skip113
)
(C:\Users\orani\AppData\Local\Programs\MiKTeX\tex/latex/bidi\ragged2e-xetex-bid
i.def
File: ragged2e-xetex-bidi.def 2018/10/17 v0.3 bidi adaptations for ragged2e pac
kage for XeTeX engine
)
(C:\Users\orani\AppData\Local\Programs\MiKTeX\tex/latex/listings\listings.sty
\lst@mode=\count352
\lst@gtempboxa=\box64
\lst@token=\toks39
\lst@length=\count353
\lst@currlwidth=\dimen256
\lst@column=\count354
\lst@pos=\count355
\lst@lostspace=\dimen257
\lst@width=\dimen258
\lst@newlines=\count356
\lst@lineno=\count357
\lst@maxwidth=\dimen259

(C:\Users\orani\AppData\Local\Programs\MiKTeX\tex/latex/listings\lstpatch.sty
File: lstpatch.sty 2025/11/14 1.11b (Carsten Heinz)
)
(C:\Users\orani\AppData\Local\Programs\MiKTeX\tex/latex/listings\lstmisc.sty
File: lstmisc.sty 2025/11/14 1.11b (Carsten Heinz)
\c@lstnumber=\count358
\lst@skipnumbers=\count359
\lst@framebox=\box65
)
(C:\Users\orani\AppData\Local\Programs\MiKTeX\tex/latex/listings\listings.cfg
File: listings.cfg 2025/11/14 1.11b listings configuration
))
Package: listings 2025/11/14 1.11b (Carsten Heinz)

(C:\Users\orani\AppData\Local\Programs\MiKTeX\tex/latex/bidi\listings-xetex-bid
i.def
File: listings-xetex-bidi.def 2025/01/03 v1.6 bidi adaptations for listings pac
kage for XeTeX engine
)
==> First Aid for listings.sty no longer applied!
    Expected:
        2024/09/23 1.10c (Carsten Heinz)
    but found:
        2025/11/14 1.11b (Carsten Heinz)
    so I'm assuming it got fixed.
(C:\Users\orani\AppData\Local\Programs\MiKTeX\tex/latex/hyperref\hyperref.sty
Package: hyperref 2026-01-29 v7.01p Hypertext links for LaTeX

(C:\Users\orani\AppData\Local\Programs\MiKTeX\tex/generic/pdfescape\pdfescape.s
ty
Package: pdfescape 2019/12/09 v1.15 Implements pdfTeX's escape features (HO)
) (C:\Users\orani\AppData\Local\Programs\MiKTeX\tex/latex/hycolor\hycolor.sty
Package: hycolor 2020-01-27 v1.10 Color options for hyperref/bookmark (HO)
) (C:\Users\orani\AppData\Local\Programs\MiKTeX\tex/latex/hyperref\nameref.sty
Package: nameref 2026-01-29 v2.58 Cross-referencing by name of section

(C:\Users\orani\AppData\Local\Programs\MiKTeX\tex/latex/refcount\refcount.sty
Package: refcount 2019/12/15 v3.6 Data extraction from label references (HO)
)
(C:\Users\orani\AppData\Local\Programs\MiKTeX\tex/generic/gettitlestring\gettit
lestring.sty
Package: gettitlestring 2019/12/15 v1.6 Cleanup title references (HO)

(C:\Users\orani\AppData\Local\Programs\MiKTeX\tex/latex/kvoptions\kvoptions.sty
Package: kvoptions 2022-06-15 v3.15 Key value format for package options (HO)
))
\c@section@level=\count360
)
(C:\Users\orani\AppData\Local\Programs\MiKTeX\tex/generic/stringenc\stringenc.s
ty
Package: stringenc 2019/11/29 v1.12 Convert strings between diff. encodings (HO
)
)
\@linkdim=\dimen260
\Hy@linkcounter=\count361
\Hy@pagecounter=\count362
 (C:\Users\orani\AppData\Local\Programs\MiKTeX\tex/latex/hyperref\pd1enc.def
File: pd1enc.def 2026-01-29 v7.01p Hyperref: PDFDocEncoding definition (HO)
) (C:\Users\orani\AppData\Local\Programs\MiKTeX\tex/generic/intcalc\intcalc.sty
Package: intcalc 2019/12/15 v1.3 Expandable calculations with integers (HO)
)
\Hy@SavedSpaceFactor=\count363
 (C:\Users\orani\AppData\Local\Programs\MiKTeX\tex/latex/hyperref\puenc.def
File: puenc.def 2026-01-29 v7.01p Hyperref: PDF Unicode definition (HO)
)
Package hyperref Info: Hyper figures OFF on input line 4201.
Package hyperref Info: Link nesting OFF on input line 4206.
Package hyperref Info: Hyper index ON on input line 4209.
Package hyperref Info: Plain pages OFF on input line 4216.
Package hyperref Info: Backreferencing OFF on input line 4221.
Package hyperref Info: Implicit mode ON; LaTeX internals redefined.
Package hyperref Info: Bookmarks ON on input line 4468.
\c@Hy@tempcnt=\count364

(C:\Users\orani\AppData\Local\Programs\MiKTeX\tex/latex/url\url.sty
\Urlmuskip=\muskip18
Package: url 2013/09/16  ver 3.4  Verb mode for urls, etc.
)
LaTeX Info: Redefining \url on input line 4807.
\XeTeXLinkMargin=\dimen261

(C:\Users\orani\AppData\Local\Programs\MiKTeX\tex/generic/bitset\bitset.sty
Package: bitset 2019/12/09 v1.3 Handle bit-vector datatype (HO)

(C:\Users\orani\AppData\Local\Programs\MiKTeX\tex/generic/bigintcalc\bigintcalc
.sty
Package: bigintcalc 2019/12/15 v1.5 Expandable calculations on big integers (HO
)
))
\Fld@menulength=\count365
\Field@Width=\dimen262
\Fld@charsize=\dimen263
Package hyperref Info: Hyper figures OFF on input line 6084.
Package hyperref Info: Link nesting OFF on input line 6089.
Package hyperref Info: Hyper index ON on input line 6092.
Package hyperref Info: backreferencing OFF on input line 6099.
Package hyperref Info: Link coloring OFF on input line 6104.
Package hyperref Info: Link coloring with OCG OFF on input line 6109.
Package hyperref Info: PDF/A mode OFF on input line 6114.
\Hy@abspage=\count366
\c@Item=\count367
\c@Hfootnote=\count368
)
Package hyperref Info: Driver (autodetected): hxetex.

(C:\Users\orani\AppData\Local\Programs\MiKTeX\tex/latex/hyperref\hxetex.def
File: hxetex.def 2026-01-29 v7.01p Hyperref driver for XeTeX
\pdfm@box=\box66
\c@Hy@AnnotLevel=\count369
\HyField@AnnotCount=\count370
\Fld@listcount=\count371
\c@bookmark@seq@number=\count372

(C:\Users\orani\AppData\Local\Programs\MiKTeX\tex/latex/rerunfilecheck\rerunfil
echeck.sty
Package: rerunfilecheck 2025-06-21 v1.11 Rerun checks for auxiliary files (HO)

(C:\Users\orani\AppData\Local\Programs\MiKTeX\tex/generic/uniquecounter\uniquec
ounter.sty
Package: uniquecounter 2019/12/15 v1.4 Provide unlimited unique counter (HO)
)
Package uniquecounter Info: New unique counter `rerunfilecheck' on input line 2
84.
)
\Hy@SectionHShift=\skip114
)
(C:\Users\orani\AppData\Local\Programs\MiKTeX\tex/latex/bidi\hyperref-xetex-bid
i.def
File: hyperref-xetex-bidi.def 2025/12/06 v1.5 bidi adaptations for hyperref pac
kage for XeTeX engine
)
(C:\Users\orani\AppData\Local\Programs\MiKTeX\tex/latex/cleveref\cleveref.sty
Package: cleveref 2018/03/27 v0.21.4 Intelligent cross-referencing
Package cleveref Info: `hyperref' support loaded on input line 2370.
LaTeX Info: Redefining \cref on input line 2370.
LaTeX Info: Redefining \Cref on input line 2370.
LaTeX Info: Redefining \crefrange on input line 2370.
LaTeX Info: Redefining \Crefrange on input line 2370.
LaTeX Info: Redefining \cpageref on input line 2370.
LaTeX Info: Redefining \Cpageref on input line 2370.
LaTeX Info: Redefining \cpagerefrange on input line 2370.
LaTeX Info: Redefining \Cpagerefrange on input line 2370.
LaTeX Info: Redefining \labelcref on input line 2370.
LaTeX Info: Redefining \labelcpageref on input line 2370.
Package cleveref Info: `listings' support loaded on input line 3131.
)
==> First Aid for cleveref.sty applied!
Package hyperref Info: Option `colorlinks' set `true' on input line 42.
)
(C:\Users\orani\AppData\Local\Programs\MiKTeX\tex/latex/bidi\float-xetex-bidi.d
ef
File: float-xetex-bidi.def 2013/04/04 v0.2 bidi adaptations for float package f
or XeTeX engine
) (main.aux)
\openout1 = `main.aux'.

LaTeX Font Info:    Checking defaults for OML/cmm/m/it on input line 4.
LaTeX Font Info:    ... okay on input line 4.
LaTeX Font Info:    Checking defaults for OMS/cmsy/m/n on input line 4.
LaTeX Font Info:    ... okay on input line 4.
LaTeX Font Info:    Checking defaults for OT1/cmr/m/n on input line 4.
LaTeX Font Info:    ... okay on input line 4.
LaTeX Font Info:    Checking defaults for T1/cmr/m/n on input line 4.
LaTeX Font Info:    ... okay on input line 4.
LaTeX Font Info:    Checking defaults for TS1/cmr/m/n on input line 4.
LaTeX Font Info:    ... okay on input line 4.
LaTeX Font Info:    Checking defaults for TU/lmr/m/n on input line 4.
LaTeX Font Info:    ... okay on input line 4.
LaTeX Font Info:    Checking defaults for OMX/cmex/m/n on input line 4.
LaTeX Font Info:    ... okay on input line 4.
LaTeX Font Info:    Checking defaults for U/cmr/m/n on input line 4.
LaTeX Font Info:    ... okay on input line 4.
LaTeX Font Info:    Checking defaults for PD1/pdf/m/n on input line 4.
LaTeX Font Info:    ... okay on input line 4.
LaTeX Font Info:    Checking defaults for PU/pdf/m/n on input line 4.
LaTeX Font Info:    ... okay on input line 4.

*geometry* driver: auto-detecting
*geometry* detected driver: xetex
*geometry* verbose mode - [ preamble ] result:
* driver: xetex
* paper: a4paper
* layout: <same size as paper>
* layoutoffset:(h,v)=(0.0pt,0.0pt)
* modes: 
* h-part:(L,W,R)=(99.58464pt, 426.79135pt, 71.13188pt)
* v-part:(T,H,B)=(28.45274pt, 788.14136pt, 28.45274pt)
* \paperwidth=597.50787pt
* \paperheight=845.04684pt
* \textwidth=426.79135pt
* \textheight=788.14136pt
* \oddsidemargin=27.31465pt
* \evensidemargin=27.31465pt
* \topmargin=-80.81725pt
* \headheight=12.0pt
* \headsep=25.0pt
* \topskip=12.0pt
* \footskip=30.0pt
* \marginparwidth=35.0pt
* \marginparsep=10.0pt
* \columnsep=10.0pt
* \skip\footins=10.8pt plus 4.0pt minus 2.0pt
* \hoffset=0.0pt
* \voffset=0.0pt
* \mag=1000
* \@twocolumnfalse
* \@twosidefalse
* \@mparswitchfalse
* \@reversemarginfalse
* (1in=72.27pt=25.4mm, 1cm=28.453pt)


Package fontspec Info: 
(fontspec)             Adjusting the maths setup (use [no-math] to avoid
(fontspec)             this).

\symlegacymaths=\mathgroup4
LaTeX Font Info:    Overwriting symbol font `legacymaths' in version `bold'
(Font)                  OT1/cmr/m/n --> OT1/cmr/bx/n on input line 4.
LaTeX Font Info:    Redeclaring math accent \acute on input line 4.
LaTeX Font Info:    Redeclaring math accent \grave on input line 4.
LaTeX Font Info:    Redeclaring math accent \ddot on input line 4.
LaTeX Font Info:    Redeclaring math accent \tilde on input line 4.
LaTeX Font Info:    Redeclaring math accent \bar on input line 4.
LaTeX Font Info:    Redeclaring math accent \breve on input line 4.
LaTeX Font Info:    Redeclaring math accent \check on input line 4.
LaTeX Font Info:    Redeclaring math accent \hat on input line 4.
LaTeX Font Info:    Redeclaring math accent \dot on input line 4.
LaTeX Font Info:    Redeclaring math accent \mathring on input line 4.
LaTeX Font Info:    Redeclaring math symbol \Gamma on input line 4.
LaTeX Font Info:    Redeclaring math symbol \Delta on input line 4.
LaTeX Font Info:    Redeclaring math symbol \Theta on input line 4.
LaTeX Font Info:    Redeclaring math symbol \Lambda on input line 4.
LaTeX Font Info:    Redeclaring math symbol \Xi on input line 4.
LaTeX Font Info:    Redeclaring math symbol \Pi on input line 4.
LaTeX Font Info:    Redeclaring math symbol \Sigma on input line 4.
LaTeX Font Info:    Redeclaring math symbol \Upsilon on input line 4.
LaTeX Font Info:    Redeclaring math symbol \Phi on input line 4.
LaTeX Font Info:    Redeclaring math symbol \Psi on input line 4.
LaTeX Font Info:    Redeclaring math symbol \Omega on input line 4.
LaTeX Font Info:    Redeclaring math symbol \mathdollar on input line 4.
LaTeX Font Info:    Redeclaring symbol font `operators' on input line 4.
LaTeX Font Info:    Encoding `OT1' has changed to `TU' for symbol font
(Font)              `operators' in the math version `normal' on input line 4.
LaTeX Font Info:    Overwriting symbol font `operators' in version `normal'
(Font)                  OT1/cmr/m/n --> TU/LatinModernRoman(0)/m/n on input lin
e 4.
LaTeX Font Info:    Encoding `OT1' has changed to `TU' for symbol font
(Font)              `operators' in the math version `bold' on input line 4.
LaTeX Font Info:    Overwriting symbol font `operators' in version `bold'
(Font)                  OT1/cmr/bx/n --> TU/LatinModernRoman(0)/m/n on input li
ne 4.
LaTeX Font Info:    Overwriting symbol font `operators' in version `normal'
(Font)                  TU/LatinModernRoman(0)/m/n --> TU/LatinModernRoman(0)/m
/n on input line 4.
LaTeX Font Info:    Overwriting math alphabet `\mathit' in version `normal'
(Font)                  OT1/cmr/m/it --> TU/LatinModernRoman(0)/m/it on input l
ine 4.
LaTeX Font Info:    Overwriting math alphabet `\mathbf' in version `normal'
(Font)                  OT1/cmr/bx/n --> TU/LatinModernRoman(0)/b/n on input li
ne 4.
LaTeX Font Info:    Overwriting math alphabet `\mathsf' in version `normal'
(Font)                  OT1/cmss/m/n --> TU/lmss/m/n on input line 4.
LaTeX Font Info:    Overwriting math alphabet `\mathtt' in version `normal'
(Font)                  OT1/cmtt/m/n --> TU/lmtt/m/n on input line 4.
LaTeX Font Info:    Overwriting symbol font `operators' in version `bold'
(Font)                  TU/LatinModernRoman(0)/m/n --> TU/LatinModernRoman(0)/b
/n on input line 4.
LaTeX Font Info:    Overwriting math alphabet `\mathit' in version `bold'
(Font)                  OT1/cmr/bx/it --> TU/LatinModernRoman(0)/b/it on input 
line 4.
LaTeX Font Info:    Overwriting math alphabet `\mathsf' in version `bold'
(Font)                  OT1/cmss/bx/n --> TU/lmss/b/n on input line 4.
LaTeX Font Info:    Overwriting math alphabet `\mathtt' in version `bold'
(Font)                  OT1/cmtt/m/n --> TU/lmtt/b/n on input line 4.
Package caption Info: Begin \AtBeginDocument code.
Package caption Info: hyperref package is loaded.
Package caption Info: listings package is loaded.
Package caption Info: End \AtBeginDocument code.
\c@lstlisting=\count373
Package hyperref Info: Link coloring ON on input line 4.
(main.out) (main.out)
\@outlinefile=\write3
\openout3 = `main.out'.

 (chapters/00_front_matter.tex
File: figures/logo-esi-sba.png Graphic file (type bmp)
<figures/logo-esi-sba.png>

Overfull \hbox (90.53424pt too wide) in paragraph at lines 52--61
[][][] []
 []

[1

] [1


] [2

] [3

] [4]
Underfull \hbox (badness 1087) in paragraph at lines 135--136
[]\TU/LatinModernRoman(0)/m/n/12 numériques en agriculture et leur positionneme
nt par rapport aux systèmes[]
 []

[5

] [6

] [7

] [8] (main.toc [9

] [10] [11] [12])
\tf@toc=\write4
\openout4 = `main.toc'.

 [13] (main.lof [14

] [15] [16])
\tf@lof=\write5
\openout5 = `main.lof'.


[17] (main.lot)
\tf@lot=\write6
\openout6 = `main.lot'.

 [18

]) (chapters/00_general_introduction.tex [1



] [2])
(chapters/01_precision_agriculture.tex [3] [4

]
Chapter 1.

Underfull \hbox (badness 1472) in paragraph at lines 6--6
[][]\TU/LatinModernRoman(0)/b/n/17.28 Precision agriculture, water scarcity, an
d[]
 []


Underfull \hbox (badness 3547) in paragraph at lines 14--14
[][]\TU/LatinModernRoman(0)/b/n/17.28 Measured variables and irrigation-control
[]
 []

[5

]
Underfull \hbox (badness 10000) in paragraph at lines 32--32
[][]|\TU/LatinModernRoman(0)/m/n/10.95 Hydraulic/equipment[]
 []


Underfull \hbox (badness 1303) in paragraph at lines 39--39
[][]\TU/LatinModernRoman(0)/b/n/17.28 IoT communication and physical-to-digital
[]
 []

[6] [7]
File: figures/research_papers/tancredi_ml_dt_irrigation.png Graphic file (type 
bmp)
<figures/research_papers/tancredi_ml_dt_irrigation.png>
File: figures/research_papers/bellvert_vineyard_dt.png Graphic file (type bmp)
<figures/research_papers/bellvert_vineyard_dt.png>
 [8]) (chapters/02_digital_twins_iot_ai.tex [9]
Chapter 2.
File: figures/research_papers/kodali_original_architecture_figure.png Graphic f
ile (type bmp)
<figures/research_papers/kodali_original_architecture_figure.png>
[10

]
File: figures/research_papers/balaceanu_original_libelium_architecture_figure.p
ng Graphic file (type bmp)
<figures/research_papers/balaceanu_original_libelium_architecture_figure.png>
 [11]
Underfull \hbox (badness 5161) in paragraph at lines 36--36
[][]\TU/LatinModernRoman(0)/b/n/17.28 Machine-learning-based irrigation decisio
n[]
 []

[12]
File: figures/research_papers/millan_tomato_dt.png Graphic file (type bmp)
<figures/research_papers/millan_tomato_dt.png>
 [13]
File: figures/research_papers/elhachimi_fig6_dt_drl_framework.png Graphic file 
(type bmp)
<figures/research_papers/elhachimi_fig6_dt_drl_framework.png>
File: figures/research_papers/kallenberg_fig1_interoperable_adt_architecture.pn
g Graphic file (type bmp)
<figures/research_papers/kallenberg_fig1_interoperable_adt_architecture.png>
 [14]
File: figures/research_papers/liu_fig7_cotton_water_stress_dt_framework.png Gra
phic file (type bmp)
<figures/research_papers/liu_fig7_cotton_water_stress_dt_framework.png>
 [15] [16]
Underfull \hbox (badness 10000) in paragraph at lines 105--105
[][]|\TU/LatinModernRoman(0)/m/n/8 Soil moisture and[]
 []


Underfull \hbox (badness 10000) in paragraph at lines 105--105
[][]|\TU/LatinModernRoman(0)/m/n/8 Threshold/status[]
 []


Underfull \hbox (badness 10000) in paragraph at lines 105--105
[][]|\TU/LatinModernRoman(0)/m/n/8 Prototype demon-[]
 []


Underfull \hbox (badness 2582) in paragraph at lines 105--106
[]\TU/LatinModernRoman(0)/m/n/8 scale agronomic valida-[]
 []


Underfull \hbox (badness 10000) in paragraph at lines 106--106
[][]|\TU/LatinModernRoman(0)/m/n/8 Precision-agriculture[]
 []


Underfull \hbox (badness 1205) in paragraph at lines 106--106
[][]|\TU/LatinModernRoman(0)/m/n/8 Libelium IoT monitor-[]
 []


Underfull \hbox (badness 10000) in paragraph at lines 106--106
[][]|\TU/LatinModernRoman(0)/m/n/8 None; monitoring[]
 []


Underfull \hbox (badness 5036) in paragraph at lines 106--106
[][]|\TU/LatinModernRoman(0)/m/n/8 Monitoring experi-[]
 []


Underfull \hbox (badness 1902) in paragraph at lines 107--107
[][]|\TU/LatinModernRoman(0)/m/n/8 Digital Twin and ML[]
 []


Underfull \hbox (badness 10000) in paragraph at lines 107--107
[][]|\TU/LatinModernRoman(0)/m/n/8 ML-enhanced decision[]
 []


Underfull \hbox (badness 10000) in paragraph at lines 107--107
[][]|\TU/LatinModernRoman(0)/m/n/8 Algorithm evalua-[]
 []


Underfull \hbox (badness 10000) in paragraph at lines 108--108
[]\TU/LatinModernRoman(0)/m/n/8 variables and local[]
 []


Underfull \hbox (badness 1122) in paragraph at lines 108--108
[]\TU/LatinModernRoman(0)/m/n/8 enabled scheduling ap-[]
 []


Underfull \hbox (badness 10000) in paragraph at lines 108--108
[][]|\TU/LatinModernRoman(0)/m/n/8 Automated irrigation[]
 []


Underfull \hbox (badness 10000) in paragraph at lines 108--108
[][]|\TU/LatinModernRoman(0)/m/n/8 Scheduling recom-[]
 []


Underfull \hbox (badness 10000) in paragraph at lines 108--108
[][]|\TU/LatinModernRoman(0)/m/n/8 Commercial vine-[]
 []


Underfull \hbox (badness 10000) in paragraph at lines 108--109
[][]|\TU/LatinModernRoman(0)/m/n/8 Specialized remote-[]
 []


Underfull \hbox (badness 3240) in paragraph at lines 108--109
[]\TU/LatinModernRoman(0)/m/n/8 sensing and calibration[]
 []


Underfull \hbox (badness 10000) in paragraph at lines 109--109
[][]|\TU/LatinModernRoman(0)/m/n/8 Processing tomato[]
 []


Underfull \hbox (badness 2894) in paragraph at lines 109--109
[]\TU/LatinModernRoman(0)/m/n/8 data, simulation in-[]
 []


Underfull \hbox (badness 10000) in paragraph at lines 109--109
[][]|\TU/LatinModernRoman(0)/m/n/8 Soil-water-balance[]
 []


Underfull \hbox (badness 1748) in paragraph at lines 109--109
[][]|\TU/LatinModernRoman(0)/m/n/8 Daily dose adjustment[]
 []


Underfull \hbox (badness 10000) in paragraph at lines 109--109
[][]|\TU/LatinModernRoman(0)/m/n/8 Irrigation strategy[]
 []


Underfull \hbox (badness 4048) in paragraph at lines 109--109
[][]|\TU/LatinModernRoman(0)/m/n/8 15 ha commercial[]
 []


Underfull \hbox (badness 6910) in paragraph at lines 109--110
[][]|\TU/LatinModernRoman(0)/m/n/8 Crop- and site-specific[]
 []


Underfull \hbox (badness 10000) in paragraph at lines 110--110
[][]|\TU/LatinModernRoman(0)/m/n/8 Collective open-[]
 []


Underfull \hbox (badness 10000) in paragraph at lines 110--110
[][]|\TU/LatinModernRoman(0)/m/n/8 Deep reinforcement[]
 []


Underfull \hbox (badness 10000) in paragraph at lines 110--110
[][]|\TU/LatinModernRoman(0)/m/n/8 Optimization envi-[]
 []


Underfull \hbox (badness 10000) in paragraph at lines 110--110
[]\TU/LatinModernRoman(0)/m/n/8 ronment for water[]
 []


Underfull \hbox (badness 3635) in paragraph at lines 110--110
[]\TU/LatinModernRoman(0)/m/n/8 tions for distribu-[]
 []


Underfull \hbox (badness 3000) in paragraph at lines 110--110
[][]|\TU/LatinModernRoman(0)/m/n/8 Case-study simula-[]
 []


Underfull \hbox (badness 3375) in paragraph at lines 110--111
[][]|\TU/LatinModernRoman(0)/m/n/8 Advanced setup; oper-[]
 []


Underfull \hbox (badness 5519) in paragraph at lines 110--111
[]\TU/LatinModernRoman(0)/m/n/8 ational deployment re-[]
 []


Underfull \hbox (badness 10000) in paragraph at lines 111--111
[][]|\TU/LatinModernRoman(0)/m/n/8 Interoperable smart[]
 []


Underfull \hbox (badness 10000) in paragraph at lines 111--111
[][]|\TU/LatinModernRoman(0)/m/n/8 Model-based Digital[]
 []


Underfull \hbox (badness 10000) in paragraph at lines 111--111
[][]|\TU/LatinModernRoman(0)/m/n/8 Recommendations[]
 []


Underfull \hbox (badness 10000) in paragraph at lines 111--111
[]\TU/LatinModernRoman(0)/m/n/8 for agricultural[]
 []


Underfull \hbox (badness 10000) in paragraph at lines 111--111
[][]|\TU/LatinModernRoman(0)/m/n/8 Architecture and[]
 []


Underfull \hbox (badness 10000) in paragraph at lines 112--112
[][]|\TU/LatinModernRoman(0)/m/n/8 Sustainable cultiva-[]
 []


Underfull \hbox (badness 10000) in paragraph at lines 112--112
[][]|\TU/LatinModernRoman(0)/m/n/8 Integrated predictive-[]
 []


Underfull \hbox (badness 10000) in paragraph at lines 112--112
[][]|\TU/LatinModernRoman(0)/m/n/8 Machine-learning[]
 []


Underfull \hbox (badness 10000) in paragraph at lines 112--112
[][]|\TU/LatinModernRoman(0)/m/n/8 Case-study-oriented[]
 []


Underfull \hbox (badness 1226) in paragraph at lines 112--113
[]\TU/LatinModernRoman(0)/m/n/8 chronization and actua-[]
 []


Underfull \hbox (badness 2119) in paragraph at lines 113--113
[][]|\TU/LatinModernRoman(0)/m/n/8 Automated irrigation[]
 []


Underfull \hbox (badness 2418) in paragraph at lines 113--113
[][]|\TU/LatinModernRoman(0)/m/n/8 Predictive irrigation[]
 []


Underfull \hbox (badness 10000) in paragraph at lines 113--113
[][]|\TU/LatinModernRoman(0)/m/n/8 Automated irriga-[]
 []


Underfull \hbox (badness 10000) in paragraph at lines 113--113
[][]|\TU/LatinModernRoman(0)/m/n/8 Field-trial evalua-[]
 []


Underfull \hbox (badness 10000) in paragraph at lines 114--114
[][]|\TU/LatinModernRoman(0)/m/n/8 Crop Digital Twin[]
 []


Underfull \hbox (badness 10000) in paragraph at lines 114--114
[][]|\TU/LatinModernRoman(0)/m/n/8 Water-interaction[]
 []

[17

]) (chapters/03_state_of_the_art.tex [18

] [19

]
Chapter 3.
[20

] [21]
Underfull \hbox (badness 1048) in paragraph at lines 49--49
[][]|\TU/LatinModernRoman(0)/m/n/10 Strongest contri-[]
 []


Underfull \hbox (badness 1048) in paragraph at lines 53--53
[][]|\TU/LatinModernRoman(0)/m/n/10 Strongest contri-[]
 []


Underfull \hbox (badness 10000) in paragraph at lines 56--56
[][]|\TU/LatinModernRoman(0)/m/n/10 Not a Digital[]
 []


Underfull \hbox (badness 10000) in paragraph at lines 56--57
[][]|\TU/LatinModernRoman(0)/m/n/10 Useful for[]
 []


Underfull \hbox (badness 10000) in paragraph at lines 56--57
[]\TU/LatinModernRoman(0)/m/n/10 MQTT/control[]
 []


Underfull \hbox (badness 10000) in paragraph at lines 57--57
[][]|\TU/LatinModernRoman(0)/m/n/10 Precision-[]
 []


Underfull \hbox (badness 10000) in paragraph at lines 57--57
[]\TU/LatinModernRoman(0)/m/n/10 agriculture[]
 []


Underfull \hbox (badness 10000) in paragraph at lines 57--57
[][]|\TU/LatinModernRoman(0)/m/n/10 Multi-variable[]
 []


Underfull \hbox (badness 10000) in paragraph at lines 57--57
[]\TU/LatinModernRoman(0)/m/n/10 agricultural[]
 []


Underfull \hbox (badness 1354) in paragraph at lines 57--57
[][]|\TU/LatinModernRoman(0)/m/n/10 Monitoring layer[]
 []


Underfull \hbox (badness 1478) in paragraph at lines 57--58
[]\TU/LatinModernRoman(0)/m/n/10 ulation, or actua-[]
 []


Underfull \hbox (badness 1997) in paragraph at lines 58--58
[][]|\TU/LatinModernRoman(0)/m/n/10 ML-assisted irri-[]
 []


Underfull \hbox (badness 2103) in paragraph at lines 58--58
[]\TU/LatinModernRoman(0)/m/n/10 sification for ir-[]
 []


Underfull \hbox (badness 10000) in paragraph at lines 58--58
[][]|\TU/LatinModernRoman(0)/m/n/10 ML-enhanced[]
 []


Underfull \hbox (badness 10000) in paragraph at lines 58--58
[]\TU/LatinModernRoman(0)/m/n/10 Digital Twin[]
 []


Underfull \hbox (badness 2875) in paragraph at lines 58--59
[][]|\TU/LatinModernRoman(0)/m/n/10 Limited field and[]
 []


Underfull \hbox (badness 1603) in paragraph at lines 59--59
[][]|\TU/LatinModernRoman(0)/m/n/10 Bellvert et al.[]
 []


Underfull \hbox (badness 7415) in paragraph at lines 59--59
[][]|\TU/LatinModernRoman(0)/m/n/10 Vineyard irriga-[]
 []


Underfull \hbox (badness 10000) in paragraph at lines 59--59
[][]|\TU/LatinModernRoman(0)/m/n/10 Field-oriented[]
 []


Underfull \hbox (badness 10000) in paragraph at lines 59--60
[][]|\TU/LatinModernRoman(0)/m/n/10 Requires remote-[]
 []


Underfull \hbox (badness 10000) in paragraph at lines 59--60
[]\TU/LatinModernRoman(0)/m/n/10 sensing and[]
 []


Underfull \hbox (badness 10000) in paragraph at lines 59--60
[]\TU/LatinModernRoman(0)/m/n/10 vineyard-specific[]
 []


Underfull \hbox (badness 10000) in paragraph at lines 60--60
[][]|\TU/LatinModernRoman(0)/m/n/10 Tomato farm[]
 []


Underfull \hbox (badness 10000) in paragraph at lines 60--60
[]\TU/LatinModernRoman(0)/m/n/10 water-efficient[]
 []


Underfull \hbox (badness 10000) in paragraph at lines 60--60
[][]|\TU/LatinModernRoman(0)/m/n/10 Commercial-farm[]
 []


Underfull \hbox (badness 10000) in paragraph at lines 60--60
[]\TU/LatinModernRoman(0)/m/n/10 Digital Twin[]
 []


Underfull \hbox (badness 10000) in paragraph at lines 60--60
[][]|\TU/LatinModernRoman(0)/m/n/10 Field-oriented[]
 []


Underfull \hbox (badness 10000) in paragraph at lines 60--61
[][]|\TU/LatinModernRoman(0)/m/n/10 Site- and crop-[]
 []


Underfull \hbox (badness 10000) in paragraph at lines 60--61
[]\TU/LatinModernRoman(0)/m/n/10 specific manage-[]
 []


Underfull \hbox (badness 1184) in paragraph at lines 61--61
[][]|\TU/LatinModernRoman(0)/m/n/10 El Hachimi et[]
 []


Underfull \hbox (badness 10000) in paragraph at lines 61--61
[][]|\TU/LatinModernRoman(0)/m/n/10 Collective[]
 []


Underfull \hbox (badness 10000) in paragraph at lines 61--61
[]\TU/LatinModernRoman(0)/m/n/10 irrigation-water[]
 []


Underfull \hbox (badness 10000) in paragraph at lines 61--61
[]\TU/LatinModernRoman(0)/m/n/10 deep reinforce-[]
 []


Underfull \hbox (badness 10000) in paragraph at lines 61--61
[][]|\TU/LatinModernRoman(0)/m/n/10 Optimization-[]
 []


Underfull \hbox (badness 10000) in paragraph at lines 61--61
[]\TU/LatinModernRoman(0)/m/n/10 oriented Digital[]
 []


Underfull \hbox (badness 10000) in paragraph at lines 61--62
[][]|\TU/LatinModernRoman(0)/m/n/10 Advanced opti-[]
 []


Underfull \hbox (badness 10000) in paragraph at lines 61--62
[]\TU/LatinModernRoman(0)/m/n/10 mization beyond[]
 []


Underfull \hbox (badness 10000) in paragraph at lines 62--62
[][]|\TU/LatinModernRoman(0)/m/n/10 Kallenberg et[]
 []


Underfull \hbox (badness 10000) in paragraph at lines 62--62
[][]|\TU/LatinModernRoman(0)/m/n/10 Interoperable[]
 []


Underfull \hbox (badness 10000) in paragraph at lines 62--62
[]\TU/LatinModernRoman(0)/m/n/10 agricultural[]
 []


Underfull \hbox (badness 10000) in paragraph at lines 62--62
[][]|\TU/LatinModernRoman(0)/m/n/10 FIWARE inte-[]
 []


Underfull \hbox (badness 2158) in paragraph at lines 62--62
[]\TU/LatinModernRoman(0)/m/n/10 gration and RL[]
 []


Underfull \hbox (badness 10000) in paragraph at lines 62--63
[][]|\TU/LatinModernRoman(0)/m/n/10 General smart-[]
 []


Underfull \hbox (badness 10000) in paragraph at lines 63--63
[][]|\TU/LatinModernRoman(0)/m/n/10 Ed-Daoudi et[]
 []


Underfull \hbox (badness 1776) in paragraph at lines 63--63
[][]|\TU/LatinModernRoman(0)/m/n/10 Predictive smart[]
 []


Underfull \hbox (badness 10000) in paragraph at lines 63--63
[]\TU/LatinModernRoman(0)/m/n/10 adaptive irriga-[]
 []


Underfull \hbox (badness 10000) in paragraph at lines 63--63
[][]|\TU/LatinModernRoman(0)/m/n/10 Predictive deci-[]
 []


Underfull \hbox (badness 10000) in paragraph at lines 63--64
[][]|\TU/LatinModernRoman(0)/m/n/10 Limited explicit[]
 []


Underfull \hbox (badness 6316) in paragraph at lines 63--64
[]\TU/LatinModernRoman(0)/m/n/10 Digital Twin be-[]
 []


Underfull \hbox (badness 10000) in paragraph at lines 64--64
[][]|\TU/LatinModernRoman(0)/m/n/10 Gupta et al.[]
 []


Underfull \hbox (badness 10000) in paragraph at lines 64--64
[][]|\TU/LatinModernRoman(0)/m/n/10 Automated IoT[]
 []


Underfull \hbox (badness 7433) in paragraph at lines 64--64
[][]|\TU/LatinModernRoman(0)/m/n/10 Water and en-[]
 []


Underfull \hbox (badness 10000) in paragraph at lines 64--64
[]\TU/LatinModernRoman(0)/m/n/10 ergy efficiency[]
 []


Underfull \hbox (badness 10000) in paragraph at lines 64--64
[]\TU/LatinModernRoman(0)/m/n/10 through auto-[]
 []


Underfull \hbox (badness 2503) in paragraph at lines 64--64
[][]|\TU/LatinModernRoman(0)/m/n/10 IoT automation,[]
 []


Underfull \hbox (badness 10000) in paragraph at lines 64--65
[][]|\TU/LatinModernRoman(0)/m/n/10 No simulation[]
 []


Underfull \hbox (badness 10000) in paragraph at lines 64--65
[]\TU/LatinModernRoman(0)/m/n/10 or synchronized[]
 []


Underfull \hbox (badness 10000) in paragraph at lines 65--65
[][]|\TU/LatinModernRoman(0)/m/n/10 Cotton water-[]
 []


Underfull \hbox (badness 10000) in paragraph at lines 65--65
[]\TU/LatinModernRoman(0)/m/n/10 stress Digital[]
 []


Underfull \hbox (badness 10000) in paragraph at lines 65--65
[][]|\TU/LatinModernRoman(0)/m/n/10 Crop Digital[]
 []


Underfull \hbox (badness 10000) in paragraph at lines 65--66
[][]|\TU/LatinModernRoman(0)/m/n/10 No direct[]
 []


Underfull \hbox (badness 10000) in paragraph at lines 65--66
[]\TU/LatinModernRoman(0)/m/n/10 irrigation-control[]
 []

[22]) (chapters/05_requirements_design.tex [23] [24

]
Chapter 4.
[25

]
Underfull \hbox (badness 10000) in paragraph at lines 34--34
[][]|\TU/LatinModernRoman(0)/m/n/10 Main ac-[]
 []


Underfull \hbox (badness 10000) in paragraph at lines 38--38
[][]|\TU/LatinModernRoman(0)/m/n/10 Main ac-[]
 []


Underfull \hbox (badness 10000) in paragraph at lines 41--41
[][]|\TU/LatinModernRoman(0)/m/n/10 Receive MQTT[]
 []


Underfull \hbox (badness 3568) in paragraph at lines 41--41
[]\TU/LatinModernRoman(0)/m/n/10 environmental measurements[]
 []


Underfull \hbox (badness 10000) in paragraph at lines 41--41
[][]|\TU/LatinModernRoman(0)/m/n/10 Raspberry Pi[]
 []


Underfull \hbox (badness 6675) in paragraph at lines 42--42
[]\TU/LatinModernRoman(0)/m/n/10 malize measure-[]
 []


Underfull \hbox (badness 1082) in paragraph at lines 43--43
[][]|\TU/LatinModernRoman(0)/m/n/10 Map device and[]
 []


Underfull \hbox (badness 1953) in paragraph at lines 43--43
[][]|\TU/LatinModernRoman(0)/m/n/10 Resolve the physical device[]
 []


Underfull \hbox (badness 10000) in paragraph at lines 43--44
[][]|\TU/LatinModernRoman(0)/m/n/10 Context resolu-[]
 []


Underfull \hbox (badness 10000) in paragraph at lines 44--44
[][]|\TU/LatinModernRoman(0)/m/n/10 Store timestamped sensor[]
 []


Underfull \hbox (badness 10000) in paragraph at lines 44--44
[][]|\TU/LatinModernRoman(0)/m/n/10 Backend,[]
 []


Underfull \hbox (badness 10000) in paragraph at lines 45--45
[][]|\TU/LatinModernRoman(0)/m/n/10 Evaluate sensor[]
 []


Underfull \hbox (badness 10000) in paragraph at lines 45--45
[]\TU/LatinModernRoman(0)/m/n/10 freshness and[]
 []


Underfull \hbox (badness 4181) in paragraph at lines 45--45
[][]|\TU/LatinModernRoman(0)/m/n/10 Check last-seen timestamps[]
 []


Underfull \hbox (badness 10000) in paragraph at lines 45--45
[][]|\TU/LatinModernRoman(0)/m/n/10 Backend health[]
 []


Underfull \hbox (badness 10000) in paragraph at lines 46--46
[][]|\TU/LatinModernRoman(0)/m/n/10 Update Digital[]
 []


Underfull \hbox (badness 10000) in paragraph at lines 46--47
[][]|\TU/LatinModernRoman(0)/m/n/10 State synchro-[]
 []


Underfull \hbox (badness 3199) in paragraph at lines 47--47
[][]|\TU/LatinModernRoman(0)/m/n/10 Store state his-[]
 []


Underfull \hbox (badness 2903) in paragraph at lines 47--47
[][]|\TU/LatinModernRoman(0)/m/n/10 Append state snapshots so[]
 []


Underfull \hbox (badness 6792) in paragraph at lines 47--47
[]\TU/LatinModernRoman(0)/m/n/10 that virtual-state evolution[]
 []


Underfull \hbox (badness 1242) in paragraph at lines 48--48
[][]|\TU/LatinModernRoman(0)/m/n/10 Call ML service[]
 []


Underfull \hbox (badness 6641) in paragraph at lines 49--49
[][]|\TU/LatinModernRoman(0)/m/n/10 Store prediction[]
 []


Underfull \hbox (badness 10000) in paragraph at lines 49--49
[][]|\TU/LatinModernRoman(0)/m/n/10 Backend,[]
 []


Underfull \hbox (badness 10000) in paragraph at lines 50--50
[][]|\TU/LatinModernRoman(0)/m/n/10 Simulation ser-[]
 []


Underfull \hbox (badness 10000) in paragraph at lines 51--51
[][]|\TU/LatinModernRoman(0)/m/n/10 Generate base[]
 []


Underfull \hbox (badness 1735) in paragraph at lines 51--51
[]\TU/LatinModernRoman(0)/m/n/10 rules into user-readable ad-[]
 []


Underfull \hbox (badness 10000) in paragraph at lines 51--51
[][]|\TU/LatinModernRoman(0)/m/n/10 Recommendation[]
 []


Overfull \hbox (4.4707pt too wide) in paragraph at lines 52--52
[][]|\TU/LatinModernRoman(0)/m/n/10 Backend/frontend,[]
 []


Underfull \hbox (badness 10000) in paragraph at lines 53--53
[][]|\TU/LatinModernRoman(0)/m/n/10 Generate multi-[]
 []


Underfull \hbox (badness 1173) in paragraph at lines 53--53
[][]|\TU/LatinModernRoman(0)/m/n/10 Produce structured evidence[]
 []


Underfull \hbox (badness 10000) in paragraph at lines 53--53
[]\TU/LatinModernRoman(0)/m/n/10 ML prediction, weather,[]
 []


Underfull \hbox (badness 10000) in paragraph at lines 54--54
[][]|\TU/LatinModernRoman(0)/m/n/10 Fuse evidence[]
 []


Underfull \hbox (badness 10000) in paragraph at lines 54--54
[]\TU/LatinModernRoman(0)/m/n/10 with safety[]
 []


Underfull \hbox (badness 10000) in paragraph at lines 54--54
[][]|\TU/LatinModernRoman(0)/m/n/10 Combine evidence using[]
 []


Underfull \hbox (badness 10000) in paragraph at lines 54--54
[][]|\TU/LatinModernRoman(0)/m/n/10 Coordinator[]
 []


Underfull \hbox (badness 10000) in paragraph at lines 54--54
[]\TU/LatinModernRoman(0)/m/n/10 Agent, Safety[]
 []


Underfull \hbox (badness 10000) in paragraph at lines 55--55
[][]|\TU/LatinModernRoman(0)/m/n/10 Return farmer-[]
 []


Underfull \hbox (badness 1057) in paragraph at lines 55--55
[]\TU/LatinModernRoman(0)/m/n/10 hour, duration, explanation,[]
 []


Underfull \hbox (badness 10000) in paragraph at lines 55--55
[][]|\TU/LatinModernRoman(0)/m/n/10 Explanation[]
 []


Underfull \hbox (badness 10000) in paragraph at lines 56--56
[][]|\TU/LatinModernRoman(0)/m/n/10 Support human[]
 []


Underfull \hbox (badness 10000) in paragraph at lines 56--56
[][]|\TU/LatinModernRoman(0)/m/n/10 Farmer/operator,[]
 []


Underfull \hbox (badness 1331) in paragraph at lines 57--57
[][]|\TU/LatinModernRoman(0)/m/n/10 Create irrigation[]
 []


Underfull \hbox (badness 7540) in paragraph at lines 57--57
[][]|\TU/LatinModernRoman(0)/m/n/10 Scheduler work-[]
 []


Underfull \hbox (badness 10000) in paragraph at lines 58--58
[][]|\TU/LatinModernRoman(0)/m/n/10 Execute sched-[]
 []


Underfull \hbox (badness 2762) in paragraph at lines 58--58
[][]|\TU/LatinModernRoman(0)/m/n/10 Irrigation sched-[]
 []


Underfull \hbox (badness 1184) in paragraph at lines 59--59
[][]|\TU/LatinModernRoman(0)/m/n/10 Publish actuator[]
 []


Underfull \hbox (badness 10000) in paragraph at lines 59--59
[][]|\TU/LatinModernRoman(0)/m/n/10 Send pump-control com-[]
 []


Underfull \hbox (badness 5726) in paragraph at lines 59--59
[][]|\TU/LatinModernRoman(0)/m/n/10 Backend device-[]
 []


Underfull \hbox (badness 10000) in paragraph at lines 60--60
[][]|\TU/LatinModernRoman(0)/m/n/10 Receive WeMos[]
 []


Underfull \hbox (badness 10000) in paragraph at lines 60--60
[]\TU/LatinModernRoman(0)/m/n/10 the actuator and record[]
 []


Underfull \hbox (badness 4060) in paragraph at lines 60--60
[]\TU/LatinModernRoman(0)/m/n/10 whether the physical state[]
 []


Underfull \hbox (badness 10000) in paragraph at lines 61--61
[][]|\TU/LatinModernRoman(0)/m/n/10 Display dash-[]
 []


Underfull \hbox (badness 10000) in paragraph at lines 61--61
[][]|\TU/LatinModernRoman(0)/m/n/10 Next.js dash-[]
 []


Underfull \hbox (badness 10000) in paragraph at lines 62--62
[][]|\TU/LatinModernRoman(0)/m/n/10 Provide mobile[]
 []


Underfull \hbox (badness 10000) in paragraph at lines 62--62
[][]|\TU/LatinModernRoman(0)/m/n/10 Flutter applica-[]
 []


Underfull \hbox (badness 10000) in paragraph at lines 63--63
[][]|\TU/LatinModernRoman(0)/m/n/10 Generate[]
 []


Underfull \hbox (badness 10000) in paragraph at lines 63--63
[]\TU/LatinModernRoman(0)/m/n/10 weather-aware[]
 []


Underfull \hbox (badness 2932) in paragraph at lines 63--63
[][]|\TU/LatinModernRoman(0)/m/n/10 Forecast service,[]
 []


Underfull \hbox (badness 10000) in paragraph at lines 64--64
[][]|\TU/LatinModernRoman(0)/m/n/10 Maintain trace-[]
 []


Underfull \hbox (badness 10000) in paragraph at lines 64--64
[]\TU/LatinModernRoman(0)/m/n/10 ability from[]
 []


Underfull \hbox (badness 7504) in paragraph at lines 64--64
[]\TU/LatinModernRoman(0)/m/n/10 measurement to[]
 []


Underfull \hbox (badness 7504) in paragraph at lines 64--64
[]\TU/LatinModernRoman(0)/m/n/10 decisions, recommendations,[]
 []


Underfull \hbox (badness 3646) in paragraph at lines 64--64
[][]|\TU/LatinModernRoman(0)/m/n/10 Database, back-[]
 []

[26] [27]
Underfull \hbox (badness 1939) in paragraph at lines 96--97
[]\TU/LatinModernRoman(0)/m/n/10 risk level, evidence blocks, warnings, and[]
 []

[28]
File: figures/chapter_05/fig_5-1.png Graphic file (type bmp)
<figures/chapter_05/fig_5-1.png>
 [29] [30]
File: figures/chapter_05/fig_5-2.png Graphic file (type bmp)
<figures/chapter_05/fig_5-2.png>
 [31] [32]
File: figures/chapter_07/figure_7_runtime_sequence_clean.png Graphic file (type
 bmp)
<figures/chapter_07/figure_7_runtime_sequence_clean.png>
File: figures/chapter_05/fig_5-3.png Graphic file (type bmp)
<figures/chapter_05/fig_5-3.png>
 [33]
File: figures/chapter_05/fig_5-4.png Graphic file (type bmp)
<figures/chapter_05/fig_5-4.png>
 [34]
File: figures/chapter_05/fig_5-5.png Graphic file (type bmp)
<figures/chapter_05/fig_5-5.png>

Underfull \hbox (badness 1221) in paragraph at lines 176--177
[][]\TU/LatinModernRoman(0)/m/n/12 Figure [][][]4.6[][][] represents the virtua
l and intelligent part of the domain.[]
 []

File: figures/chapter_05/fig_5-6.png Graphic file (type bmp)
<figures/chapter_05/fig_5-6.png>
[35]) (chapters/06_global_architecture.tex [36]
Chapter 5.

Underfull \hbox (badness 1320) in paragraph at lines 10--11
[]\TU/LatinModernRoman(0)/m/n/12 The architecture connects Libelium Smart Agric
ulture sensors, XBee radio-[]
 []

File: figures/chapter_06/figure_6_1_global_architecture_clean.png Graphic file 
(type bmp)
<figures/chapter_06/figure_6_1_global_architecture_clean.png>
[37

] [38]
File: figures/chapter_06/figure_6_2_physical_communication_architecture_clean.p
ng Graphic file (type bmp)
<figures/chapter_06/figure_6_2_physical_communication_architecture_clean.png>
File: figures/chapter_06/figure_6_3_mqtt_topics_clean.png Graphic file (type bm
p)
<figures/chapter_06/figure_6_3_mqtt_topics_clean.png>
 [39]
Underfull \hbox (badness 1960) in paragraph at lines 61--62
[][]|\TU/LatinModernRoman(0)/m/n/12 Carries JSON sensor and[]
 []


Underfull \hbox (badness 1983) in paragraph at lines 63--63
[][]|\TU/LatinModernRoman(0)/m/n/12 Backend $\OMS/cmsy/m/n/12 !$ \TU/LatinModer
nRoman(0)/m/n/12 We-[]
 []

File: figures/chapter_06/figure_6_4_backend_architecture_clean.png Graphic file
 (type bmp)
<figures/chapter_06/figure_6_4_backend_architecture_clean.png>
[40] [41]
File: figures/chapter_06/figure_6_5_digital_twin_processing_clean.png Graphic f
ile (type bmp)
<figures/chapter_06/figure_6_5_digital_twin_processing_clean.png>
 [42]
File: figures/chapter_06/figure_5_6_deployment_architecture_corrected.png Graph
ic file (type bmp)
<figures/chapter_06/figure_5_6_deployment_architecture_corrected.png>
 [43]
Underfull \hbox (badness 10000) in paragraph at lines 144--144
[][]|\TU/LatinModernRoman(0)/b/n/10.95 Container[]
 []


Underfull \hbox (badness 10000) in paragraph at lines 149--150
[][]|\TU/LatinModernRoman(0)/m/n/10.95 Explainable multi-agent[]
 []


Underfull \hbox (badness 10000) in paragraph at lines 152--153
[][]|\TU/LatinModernRoman(0)/m/n/10.95 Local inspection inter-[]
 []


Underfull \hbox (badness 1221) in paragraph at lines 152--153
[]\TU/LatinModernRoman(0)/m/n/10.95 face used during proto-[]
 []


Overfull \hbox (8.27715pt too wide) in paragraph at lines 153--153
[][]|\TU/lmtt/m/n/10.95 irrigation-scheduler| []
 []


Underfull \hbox (badness 10000) in paragraph at lines 153--154
[][]|\TU/LatinModernRoman(0)/m/n/10.95 Internal service that[]
 []


Underfull \hbox (badness 10000) in paragraph at lines 153--154
[]\TU/LatinModernRoman(0)/m/n/10.95 checks and executes[]
 []


Underfull \hbox (badness 10000) in paragraph at lines 153--154
[]\TU/LatinModernRoman(0)/m/n/10.95 scheduled irrigation[]
 []

[44]) (chapters/07_backend_database_iot.tex [45] [46

]
Chapter 6.
[47

]
File: figures/chapter_07/7.1.1_sensor_ingestion_payload_cropped.png Graphic fil
e (type bmp)
<figures/chapter_07/7.1.1_sensor_ingestion_payload_cropped.png>
File: figures/chapter_07/7.1.2_wemos_status_payload_cropped.png Graphic file (t
ype bmp)
<figures/chapter_07/7.1.2_wemos_status_payload_cropped.png>
 [48]
Overfull \hbox (2.626pt too wide) in paragraph at lines 40--41
[]\TU/LatinModernRoman(0)/m/n/12 tor feedback flow. The WeMos publishes its cur
rent pin states to \TU/lmtt/m/n/12 smart_irrigation/[]
 []

File: figures/chapter_07/7.1.3_actuator_command_payload_cropped.png Graphic fil
e (type bmp)
<figures/chapter_07/7.1.3_actuator_command_payload_cropped.png>
[49] [50] [51]
File: figures/chapter_07/figure_7_erd_agricultural_structure_clean.png Graphic 
file (type bmp)
<figures/chapter_07/figure_7_erd_agricultural_structure_clean.png>
File: figures/chapter_07/figure_7_erd_sensor_weather_forecasting_clean.png Grap
hic file (type bmp)
<figures/chapter_07/figure_7_erd_sensor_weather_forecasting_clean.png>
 [52]
File: figures/chapter_07/figure_7_erd_digital_twin_prediction_simulation_clean.
png Graphic file (type bmp)
<figures/chapter_07/figure_7_erd_digital_twin_prediction_simulation_clean.png>
File: figures/chapter_07/figure_7_erd_recommendation_scheduling_command_feedbac
k_clean.png Graphic file (type bmp)
<figures/chapter_07/figure_7_erd_recommendation_scheduling_command_feedback_cle
an.png>
 [53]
File: figures/chapter_07/Figure 7.7 — Live MQTT payloads received through HiveM
Q for sensor data and WeMos status.png Graphic file (type bmp)
<figures/chapter_07/Figure 7.7 — Live MQTT payloads received through HiveMQ for
 sensor data and WeMos status.png>
 [54]) (chapters/08_digital_twin_ml.tex [55]
Chapter 7.
[56

]
File: figures/chapter_08/figure_8_1_dataset_adaptation_clean.png Graphic file (
type bmp)
<figures/chapter_08/figure_8_1_dataset_adaptation_clean.png>
 [57]
Underfull \hbox (badness 10000) in paragraph at lines 48--49
[][]|\TU/lmtt/m/n/10.95 air_temperature_c\TU/LatinModernRoman(0)/m/n/10.95 , \T
U/lmtt/m/n/10.95 air_humidity_pct\TU/LatinModernRoman(0)/m/n/10.95 ,[]
 []


Underfull \hbox (badness 10000) in paragraph at lines 48--49
[]\TU/lmtt/m/n/10.95 precipitation_mm\TU/LatinModernRoman(0)/m/n/10.95 , \TU/lm
tt/m/n/10.95 rainfall_hour_mm\TU/LatinModernRoman(0)/m/n/10.95 ,[]
 []


Underfull \hbox (badness 10000) in paragraph at lines 49--50
[][]|\TU/lmtt/m/n/10.95 wind_speed_kmh\TU/LatinModernRoman(0)/m/n/10.95 , \TU/l
mtt/m/n/10.95 wind_direction_deg\TU/LatinModernRoman(0)/m/n/10.95 ,[]
 []


Underfull \hbox (badness 10000) in paragraph at lines 51--51
[][]|\TU/LatinModernRoman(0)/m/n/10.95 Operational and[]
 []


Underfull \hbox (badness 10000) in paragraph at lines 51--51
[]\TU/LatinModernRoman(0)/m/n/10.95 missing-value indica-[]
 []


Underfull \hbox (badness 10000) in paragraph at lines 51--52
[][]|\TU/lmtt/m/n/10.95 had_irrigation\TU/LatinModernRoman(0)/m/n/10.95 , \TU/l
mtt/m/n/10.95 soil_temperature_c_missing\TU/LatinModernRoman(0)/m/n/10.95 ,[]
 []


Underfull \hbox (badness 3815) in paragraph at lines 51--52
[]\TU/lmtt/m/n/10.95 light_intensity_lux_missing\TU/LatinModernRoman(0)/m/n/10.
95 , \TU/lmtt/m/n/10.95 pressure_missing\TU/LatinModernRoman(0)/m/n/10.95 ,[]
 []


Underfull \hbox (badness 6725) in paragraph at lines 52--52
[][]|\TU/LatinModernRoman(0)/m/n/10.95 Additional suggested-[]
 []

File: figures/chapter_08/figure_8_2_ml_pipeline_clean.png Graphic file (type bm
p)
<figures/chapter_08/figure_8_2_ml_pipeline_clean.png>
[58]
File: figures/chapter_08/Figure 8.3 — ML service health endpoint showing model 
loading status.png Graphic file (type bmp)
<figures/chapter_08/Figure 8.3 — ML service health endpoint showing model loadi
ng status.png>
 [59]
File: figures/chapter_08/figure_8_4_ml_prediction_response_clean.png Graphic fi
le (type bmp)
<figures/chapter_08/figure_8_4_ml_prediction_response_clean.png>
 [60]
File: figures/chapter_08/figure_8_5_dt_state_update_clean.png Graphic file (typ
e bmp)
<figures/chapter_08/figure_8_5_dt_state_update_clean.png>
File: figures/chapter_08/figure_8_6_what_if_simulation_clean.png Graphic file (
type bmp)
<figures/chapter_08/figure_8_6_what_if_simulation_clean.png>
 [61]
Overfull \hbox (11.98228pt too wide) in paragraph at lines 143--144
[]\TU/lmtt/m/n/12 target_moisture_min\TU/LatinModernRoman(0)/m/n/12 , \TU/lmtt/
m/n/12 target_moisture_max\TU/LatinModernRoman(0)/m/n/12 , and \TU/lmtt/m/n/12 
irrigation_duration_minutes\TU/LatinModernRoman(0)/m/n/12 .[]
 []


Overfull \hbox (12.51305pt too wide) in paragraph at lines 145--146
[][]\TU/LatinModernRoman(0)/m/n/12 The MAS response contains \TU/lmtt/m/n/12 de
cision\TU/LatinModernRoman(0)/m/n/12 , \TU/lmtt/m/n/12 explanation\TU/LatinMode
rnRoman(0)/m/n/12 , \TU/lmtt/m/n/12 confidence\TU/LatinModernRoman(0)/m/n/12 , 
\TU/lmtt/m/n/12 risk_level\TU/LatinModernRoman(0)/m/n/12 ,[]
 []

[62] [63]
File: figures/chapter_08/mas_architecture_simple.png Graphic file (type bmp)
<figures/chapter_08/mas_architecture_simple.png>
File: figures/chapter_08/fig_8_7_need_irrigation_feature_importance.png Graphic
 file (type bmp)
<figures/chapter_08/fig_8_7_need_irrigation_feature_importance.png>
 [64]
File: figures/chapter_08/fig_8_8_suggested_hour_feature_importance.png Graphic 
file (type bmp)
<figures/chapter_08/fig_8_8_suggested_hour_feature_importance.png>
File: figures/chapter_08/fig_8_9_need_irrigation_confusion_matrix.png Graphic f
ile (type bmp)
<figures/chapter_08/fig_8_9_need_irrigation_confusion_matrix.png>
 [65]
File: figures/chapter_08/fig_8_10_suggested_hour_confusion_matrix_grouped.png G
raphic file (type bmp)
<figures/chapter_08/fig_8_10_suggested_hour_confusion_matrix_grouped.png>
 [66]) (chapters/09_interfaces_control.tex [67]
Chapter 8.
File: figures/chapter_09/Figure 9.1 — Agrio operations dashboard showing MQTT c
onnection, active zone coverage, moisture snapshot, sensor health, and Digital 
Twin status.png Graphic file (type bmp)
<figures/chapter_09/Figure 9.1 — Agrio operations dashboard showing MQTT connec
tion, active zone coverage, moisture snapshot, sensor health, and Digital Twin 
status.png>
[68

]
File: figures/chapter_09/Figure 9.2 — Zone selection panel for inspecting the D
igital Twin state, recommendations, commands, and historical data.png Graphic f
ile (type bmp)
<figures/chapter_09/Figure 9.2 — Zone selection panel for inspecting the Digita
l Twin state, recommendations, commands, and historical data.png>
File: figures/chapter_09/Figure 9.3 — Current field status and AI recommendatio
n preview for the monitored irrigation zone.png Graphic file (type bmp)
<figures/chapter_09/Figure 9.3 — Current field status and AI recommendation pre
view for the monitored irrigation zone.png>
 [69]
File: figures/chapter_09/Figure 9.4 — Pump and actuator control interface with 
WeMos status and weather station summary.png Graphic file (type bmp)
<figures/chapter_09/Figure 9.4 — Pump and actuator control interface with WeMos
 status and weather station summary.png>
 [70]
File: figures/chapter_09/Figure 9.5 — Forecast workspace used to generate weath
er-aware irrigation planning decisions.png Graphic file (type bmp)
<figures/chapter_09/Figure 9.5 — Forecast workspace used to generate weather-aw
are irrigation planning decisions.png>
File: figures/chapter_09/Figure 9.6 — Digital Twin simulation workspace for run
ning what-if irrigation scenarios.png Graphic file (type bmp)
<figures/chapter_09/Figure 9.6 — Digital Twin simulation workspace for running 
what-if irrigation scenarios.png>
 [71]
File: figures/chapter_09/Figure 9.7 — Moisture projection chart comparing no-ir
rigation, with-irrigation, and ML-selected trajectories.png Graphic file (type 
bmp)
<figures/chapter_09/Figure 9.7 — Moisture projection chart comparing no-irrigat
ion, with-irrigation, and ML-selected trajectories.png>
 [72]
File: figures/chapter_09/Figure 9.8 — Irrigation schedules page for planning an
d managing pump execution events.png Graphic file (type bmp)
<figures/chapter_09/Figure 9.8 — Irrigation schedules page for planning and man
aging pump execution events.png>
File: figures/chapter_09/Figure 9.9 — Validated decisions interface for trackin
g approved irrigation recommendations.png Graphic file (type bmp)
<figures/chapter_09/Figure 9.9 — Validated decisions interface for tracking app
roved irrigation recommendations.png>
 [73]
File: figures/chapter_09/Figure 9.18 mas-frontend.png Graphic file (type bmp)
<figures/chapter_09/Figure 9.18 mas-frontend.png>
 [74]
File: figures/chapter_09/Figure 9.10.jpg Graphic file (type bmp)
<figures/chapter_09/Figure 9.10.jpg>
File: figures/chapter_09/Figure 9.11.jpg Graphic file (type bmp)
<figures/chapter_09/Figure 9.11.jpg>
 [75]
File: figures/chapter_09/Figure 9.12.jpg Graphic file (type bmp)
<figures/chapter_09/Figure 9.12.jpg>
 [76]
File: figures/chapter_09/Figure 9.13.jpg Graphic file (type bmp)
<figures/chapter_09/Figure 9.13.jpg>
 [77]
File: figures/chapter_09/Figure 9.14.jpg Graphic file (type bmp)
<figures/chapter_09/Figure 9.14.jpg>
 [78]
File: figures/chapter_09/Figure 9.15.jpg Graphic file (type bmp)
<figures/chapter_09/Figure 9.15.jpg>
 [79]
File: figures/chapter_09/Figure 9.16.jpg Graphic file (type bmp)
<figures/chapter_09/Figure 9.16.jpg>
 [80]
File: figures/chapter_09/Figure 9.17.jpg Graphic file (type bmp)
<figures/chapter_09/Figure 9.17.jpg>
 [81])
(chapters/10_deployment.tex [82] [83

]
Chapter 9.
File: figures/chapter_06/figure_5_6_deployment_architecture_corrected.png Graph
ic file (type bmp)
<figures/chapter_06/figure_5_6_deployment_architecture_corrected.png>
[84

]
File: figures/chapter_10/Figure 10.2 — Running Docker containers of the deploye
d Digital Twin smart irrigation platform.png Graphic file (type bmp)
<figures/chapter_10/Figure 10.2 — Running Docker containers of the deployed Dig
ital Twin smart irrigation platform.png>
 [85]
File: figures/chapter_10/figure_10_3_deployment_communication_flow_corrected.pn
g Graphic file (type bmp)
<figures/chapter_10/figure_10_3_deployment_communication_flow_corrected.png>

Underfull \hbox (badness 1038) in paragraph at lines 50--51
[]\TU/LatinModernRoman(0)/m/n/12 from the backend and returns irrigation output
s such as \TU/lmtt/m/n/12 need_irrigation\TU/LatinModernRoman(0)/m/n/12 ,[]
 []

[86]
Underfull \hbox (badness 6978) in paragraph at lines 73--74
[]\TU/LatinModernRoman(0)/m/n/10.95 decision, evidence, and[]
 []


Underfull \hbox (badness 2376) in paragraph at lines 74--74
[][]|\TU/LatinModernRoman(0)/m/n/10.95 Backend $\OMS/cmsy/m/n/10.95 $$ \TU/Lati
nModernRoman(0)/m/n/10.95 Open-Meteo[]
 []


Underfull \hbox (badness 10000) in paragraph at lines 75--75
[][]|\TU/LatinModernRoman(0)/m/n/10.95 Sensors/gateway $\OMS/cmsy/m/n/10.95 !$[
]
 []


Underfull \hbox (badness 6157) in paragraph at lines 75--76
[][]|\TU/LatinModernRoman(0)/m/n/10.95 Transmit field measure-[]
 []


Underfull \hbox (badness 10000) in paragraph at lines 76--76
[][]|\TU/LatinModernRoman(0)/m/n/10.95 Backend/scheduler $\OMS/cmsy/m/n/10.95 !
$[]
 []

[87]
File: figures/chapter_10/figure_10_4_ngrok_tunnel_clean.png Graphic file (type 
bmp)
<figures/chapter_10/figure_10_4_ngrok_tunnel_clean.png>
 [88]) (chapters/11_results_validation.tex [89]
Chapter 10.
[90

]
File: figures/chapter_11/Figure 11.1 — Sensor MQTT message received on the sens
orsdata topic.png Graphic file (type bmp)
<figures/chapter_11/Figure 11.1 — Sensor MQTT message received on the sensorsda
ta topic.png>
File: figures/chapter_11/Figure 11.2 — Database persistence proof showing store
d sensor readings from MQTT-originated data.png Graphic file (type bmp)
<figures/chapter_11/Figure 11.2 — Database persistence proof showing stored sen
sor readings from MQTT-originated data.png>
 [91]
File: figures/chapter_11/Figure 11.3 — Dashboard update reflecting the latest s
tored sensor and Digital Twin data.png Graphic file (type bmp)
<figures/chapter_11/Figure 11.3 — Dashboard update reflecting the latest stored
 sensor and Digital Twin data.png>
 [92] [93] [94] [95]) (chapters/12_general_conclusion.tex [96])
[97

] (main.bbl) (appendices/appendix_b_class_diagram.tex [98


]
Appendix A.
[99

]
File: figures/appendix/class_diagram.png Graphic file (type bmp)
<figures/appendix/class_diagram.png>
 [100]) (appendices/appendix_c_architecture.tex
Appendix B.
) (appendices/appendix_d_erd.tex [101



]
Appendix C.
[102

]
File: figures/appendix/complete_database_erd.png Graphic file (type bmp)
<figures/appendix/complete_database_erd.png>
 [103]) (appendices/appendix_e_payloads.tex
Appendix D.
) (appendices/appendix_h_literature_matrix.tex [104



]
Appendix E.
[105

] [106]
Underfull \hbox (badness 1259) in paragraph at lines 90--91
[][]\TU/LatinModernRoman(0)/m/n/12 Main contribution: The paper connects intero
perability concepts and[]
 []

[107]) (appendices/appendix_i_database_tables.tex [108]
Appendix F.
[109

] [110] [111]) (appendices/appendix_j_api_services.tex
Underfull \hbox (badness 1596) in paragraph at lines 54--1
[]\TU/LatinModernRoman(0)/m/n/12 sor_readings and weather_records represent the
 physical data; zone_states[]
 []

[112]
Appendix G.
[113

] [114]) (appendices/appendix_k_algorithms.tex [115]
Appendix H.
[116

] [117]) [118] [119] (main.aux)
 ***********
LaTeX2e <2025-11-01>
L3 programming layer <2026-03-20>
 ***********


LaTeX Warning: Label(s) may have changed. Rerun to get cross-references right.

Package rerunfilecheck Info: File `main.out' has not changed.
(rerunfilecheck)             Checksum: 35EF7C90AD45D9305EE89EF5ED73D1BB;30756.
 ) 
Here is how much of TeX's memory you used:
 21856 strings out of 402807
 486674 string characters out of 5445136
 1215091 words of memory out of 5000000
 50274 multiletter control sequences out of 15000+600000
 634347 words of font info for 106 fonts, out of 8000000 for 9000
 1348 hyphenation exceptions out of 8191
 89i,12n,96p,1206b,968s stack positions out of 10000i,1000n,20000p,200000b,200000s

Output written on main.pdf (138 pages).
